Archive member included to satisfy reference by file (symbol)

c:/program files (x86)/atmel/studio/7.0/toolchain/arm/arm-gnu-toolchain/bin/../lib/gcc/arm-none-eabi/6.3.1/thumb/v6-m\libgcc.a(_udivsi3.o)
                              hpl/core/hpl_core_m0plus_base.o (__aeabi_uidiv)
c:/program files (x86)/atmel/studio/7.0/toolchain/arm/arm-gnu-toolchain/bin/../lib/gcc/arm-none-eabi/6.3.1/thumb/v6-m\libgcc.a(_dvmd_tls.o)
                              c:/program files (x86)/atmel/studio/7.0/toolchain/arm/arm-gnu-toolchain/bin/../lib/gcc/arm-none-eabi/6.3.1/thumb/v6-m\libgcc.a(_udivsi3.o) (__aeabi_idiv0)
c:/program files (x86)/atmel/studio/7.0/toolchain/arm/arm-gnu-toolchain/bin/../lib/gcc/arm-none-eabi/6.3.1/../../../../arm-none-eabi/lib/thumb/v6-m\libc_nano.a(lib_a-exit.o)
                              c:/program files (x86)/atmel/studio/7.0/toolchain/arm/arm-gnu-toolchain/bin/../lib/gcc/arm-none-eabi/6.3.1/../../../../arm-none-eabi/lib/thumb/v6-m/crt0.o (exit)
c:/program files (x86)/atmel/studio/7.0/toolchain/arm/arm-gnu-toolchain/bin/../lib/gcc/arm-none-eabi/6.3.1/../../../../arm-none-eabi/lib/thumb/v6-m\libc_nano.a(lib_a-impure.o)
                              c:/program files (x86)/atmel/studio/7.0/toolchain/arm/arm-gnu-toolchain/bin/../lib/gcc/arm-none-eabi/6.3.1/../../../../arm-none-eabi/lib/thumb/v6-m\libc_nano.a(lib_a-exit.o) (_global_impure_ptr)
c:/program files (x86)/atmel/studio/7.0/toolchain/arm/arm-gnu-toolchain/bin/../lib/gcc/arm-none-eabi/6.3.1/../../../../arm-none-eabi/lib/thumb/v6-m\libc_nano.a(lib_a-init.o)
                              c:/program files (x86)/atmel/studio/7.0/toolchain/arm/arm-gnu-toolchain/bin/../lib/gcc/arm-none-eabi/6.3.1/../../../../arm-none-eabi/lib/thumb/v6-m/crt0.o (__libc_init_array)
c:/program files (x86)/atmel/studio/7.0/toolchain/arm/arm-gnu-toolchain/bin/../lib/gcc/arm-none-eabi/6.3.1/../../../../arm-none-eabi/lib/thumb/v6-m\libc_nano.a(lib_a-malloc.o)
                              main.o (malloc)
c:/program files (x86)/atmel/studio/7.0/toolchain/arm/arm-gnu-toolchain/bin/../lib/gcc/arm-none-eabi/6.3.1/../../../../arm-none-eabi/lib/thumb/v6-m\libc_nano.a(lib_a-memcpy-stub.o)
                              main.o (memcpy)
c:/program files (x86)/atmel/studio/7.0/toolchain/arm/arm-gnu-toolchain/bin/../lib/gcc/arm-none-eabi/6.3.1/../../../../arm-none-eabi/lib/thumb/v6-m\libc_nano.a(lib_a-memset.o)
                              c:/program files (x86)/atmel/studio/7.0/toolchain/arm/arm-gnu-toolchain/bin/../lib/gcc/arm-none-eabi/6.3.1/../../../../arm-none-eabi/lib/thumb/v6-m/crt0.o (memset)
c:/program files (x86)/atmel/studio/7.0/toolchain/arm/arm-gnu-toolchain/bin/../lib/gcc/arm-none-eabi/6.3.1/../../../../arm-none-eabi/lib/thumb/v6-m\libc_nano.a(lib_a-nano-freer.o)
                              c:/program files (x86)/atmel/studio/7.0/toolchain/arm/arm-gnu-toolchain/bin/../lib/gcc/arm-none-eabi/6.3.1/../../../../arm-none-eabi/lib/thumb/v6-m\libc_nano.a(lib_a-malloc.o) (_free_r)
c:/program files (x86)/atmel/studio/7.0/toolchain/arm/arm-gnu-toolchain/bin/../lib/gcc/arm-none-eabi/6.3.1/../../../../arm-none-eabi/lib/thumb/v6-m\libc_nano.a(lib_a-nano-mallocr.o)
                              c:/program files (x86)/atmel/studio/7.0/toolchain/arm/arm-gnu-toolchain/bin/../lib/gcc/arm-none-eabi/6.3.1/../../../../arm-none-eabi/lib/thumb/v6-m\libc_nano.a(lib_a-malloc.o) (_malloc_r)
c:/program files (x86)/atmel/studio/7.0/toolchain/arm/arm-gnu-toolchain/bin/../lib/gcc/arm-none-eabi/6.3.1/../../../../arm-none-eabi/lib/thumb/v6-m\libc_nano.a(lib_a-printf.o)
                              hal/utils/src/utils_syscalls.o (printf)
c:/program files (x86)/atmel/studio/7.0/toolchain/arm/arm-gnu-toolchain/bin/../lib/gcc/arm-none-eabi/6.3.1/../../../../arm-none-eabi/lib/thumb/v6-m\libc_nano.a(lib_a-sbrkr.o)
                              c:/program files (x86)/atmel/studio/7.0/toolchain/arm/arm-gnu-toolchain/bin/../lib/gcc/arm-none-eabi/6.3.1/../../../../arm-none-eabi/lib/thumb/v6-m\libc_nano.a(lib_a-nano-mallocr.o) (_sbrk_r)
c:/program files (x86)/atmel/studio/7.0/toolchain/arm/arm-gnu-toolchain/bin/../lib/gcc/arm-none-eabi/6.3.1/../../../../arm-none-eabi/lib/thumb/v6-m\libc_nano.a(lib_a-findfp.o)
                              c:/program files (x86)/atmel/studio/7.0/toolchain/arm/arm-gnu-toolchain/bin/../lib/gcc/arm-none-eabi/6.3.1/../../../../arm-none-eabi/lib/thumb/v6-m\libc_nano.a(lib_a-printf.o) (__sinit)
c:/program files (x86)/atmel/studio/7.0/toolchain/arm/arm-gnu-toolchain/bin/../lib/gcc/arm-none-eabi/6.3.1/../../../../arm-none-eabi/lib/thumb/v6-m\libc_nano.a(lib_a-fwalk.o)
                              c:/program files (x86)/atmel/studio/7.0/toolchain/arm/arm-gnu-toolchain/bin/../lib/gcc/arm-none-eabi/6.3.1/../../../../arm-none-eabi/lib/thumb/v6-m\libc_nano.a(lib_a-findfp.o) (_fwalk)
c:/program files (x86)/atmel/studio/7.0/toolchain/arm/arm-gnu-toolchain/bin/../lib/gcc/arm-none-eabi/6.3.1/../../../../arm-none-eabi/lib/thumb/v6-m\libc_nano.a(lib_a-mlock.o)
[...]
Memory Configuration

Name             Origin             Length             Attributes
rom              0x00000000         0x00040000         xr
ram              0x20000000         0x00008000         xrw
*default*        0x00000000         0xffffffff

Linker script and memory map

LOAD c:/program files (x86)/atmel/studio/7.0/toolchain/arm/arm-gnu-toolchain/bin/../lib/gcc/arm-none-eabi/6.3.1/thumb/v6-m/crti.o
LOAD c:/program files (x86)/atmel/studio/7.0/toolchain/arm/arm-gnu-toolchain/bin/../lib/gcc/arm-none-eabi/6.3.1/thumb/v6-m/crtbegin.o
LOAD c:/program files (x86)/atmel/studio/7.0/toolchain/arm/arm-gnu-toolchain/bin/../lib/gcc/arm-none-eabi/6.3.1/../../../../arm-none-eabi/lib/thumb/v6-m/crt0.o
LOAD atmel_start.o
LOAD Device_Startup/startup_samd21.o
LOAD Device_Startup/system_samd21.o
LOAD driver_init.o
LOAD examples/driver_examples.o
LOAD hal/src/hal_atomic.o
LOAD hal/src/hal_delay.o
LOAD hal/src/hal_gpio.o
LOAD hal/src/hal_init.o
LOAD hal/src/hal_io.o
LOAD hal/src/hal_sleep.o
LOAD hal/utils/src/utils_assert.o
LOAD hal/utils/src/utils_event.o
LOAD hal/utils/src/utils_list.o
LOAD hal/utils/src/utils_syscalls.o
LOAD hpl/core/hpl_core_m0plus_base.o
LOAD hpl/core/hpl_init.o
LOAD hpl/dmac/hpl_dmac.o
LOAD hpl/gclk/hpl_gclk.o
LOAD hpl/pm/hpl_pm.o
LOAD hpl/sysctrl/hpl_sysctrl.o
LOAD hpl/systick/hpl_systick.o
LOAD main.o
START GROUP
LOAD c:/program files (x86)/atmel/studio/7.0/toolchain/arm/arm-gnu-toolchain/bin/../lib/gcc/arm-none-eabi/6.3.1/../../../../arm-none-eabi/lib/thumb/v6-m\libm.a
END GROUP
START GROUP
LOAD c:/program files (x86)/atmel/studio/7.0/toolchain/arm/arm-gnu-toolchain/bin/../lib/gcc/arm-none-eabi/6.3.1/thumb/v6-m\libgcc.a
LOAD c:/program files (x86)/atmel/studio/7.0/toolchain/arm/arm-gnu-toolchain/bin/../lib/gcc/arm-none-eabi/6.3.1/../../../../arm-none-eabi/lib/thumb/v6-m\libc_nano.a
END GROUP
START GROUP
LOAD c:/program files (x86)/atmel/studio/7.0/toolchain/arm/arm-gnu-toolchain/bin/../lib/gcc/arm-none-eabi/6.3.1/thumb/v6-m\libgcc.a
LOAD c:/program files (x86)/atmel/studio/7.0/toolchain/arm/arm-gnu-toolchain/bin/../lib/gcc/arm-none-eabi/6.3.1/../../../../arm-none-eabi/lib/thumb/v6-m\libc_nano.a
END GROUP
LOAD c:/program files (x86)/atmel/studio/7.0/toolchain/arm/arm-gnu-toolchain/bin/../lib/gcc/arm-none-eabi/6.3.1/thumb/v6-m/crtend.o
LOAD c:/program files (x86)/atmel/studio/7.0/toolchain/arm/arm-gnu-toolchain/bin/../lib/gcc/arm-none-eabi/6.3.1/thumb/v6-m/crtn.o
                0x00002000                STACK_SIZE = DEFINED (STACK_SIZE)?STACK_SIZE:DEFINED (__stack_size__)?__stack_size__:0x2000

.text           0x00000000     0x6f3c
                0x00000000                . = ALIGN (0x4)
                0x00000000                _sfixed = .
 *(.vectors .vectors.*)
 .vectors       0x00000000       0xb4 Device_Startup/startup_samd21.o
                0x00000000                exception_table
 *(.text .text.* .gnu.linkonce.t.*)
 .text          0x000000b4       0x60 c:/program files (x86)/atmel/studio/7.0/toolchain/arm/arm-gnu-toolchain/bin/../lib/gcc/arm-none-eabi/6.3.1/thumb/v6-m/crtbegin.o
 .text.Dummy_Handler
                0x00000114        0x2 Device_Startup/startup_samd21.o
                0x00000114                SVCall_Handler
                0x00000114                DMAC_Handler
                0x00000114                HardFault_Handler
                0x00000114                AC_Handler
                0x00000114                SysTick_Handler
                0x00000114                PendSV_Handler
                0x00000114                TC7_Handler
                0x00000114                SERCOM1_Handler
                0x00000114                ADC_Handler
                0x00000114                NonMaskableInt_Handler
                0x00000114                TCC1_Handler
                0x00000114                SERCOM2_Handler
                0x00000114                TCC0_Handler
                0x00000114                RTC_Handler
                0x00000114                EIC_Handler
                0x00000114                TC6_Handler
                0x00000114                WDT_Handler
                0x00000114                TC4_Handler
                0x00000114                USB_Handler
                0x00000114                TC3_Handler
                0x00000114                Dummy_Handler
                0x00000114                PM_Handler
                0x00000114                SERCOM5_Handler
                0x00000114                TCC2_Handler
                0x00000114                EVSYS_Handler
                0x00000114                SERCOM3_Handler
                0x00000114                SERCOM4_Handler
                0x00000114                I2S_Handler
                0x00000114                NVMCTRL_Handler
                0x00000114                SERCOM0_Handler
                0x00000114                DAC_Handler
                0x00000114                PTC_Handler
                0x00000114                TC5_Handler
                0x00000114                SYSCTRL_Handler
 *fill*         0x00000116        0x2 
 .text.Reset_Handler
                0x00000118       0xe4 Device_Startup/startup_samd21.o
                0x00000118                Reset_Handler
 .text.delay_driver_init
                0x000001fc       0x14 driver_init.o
                0x000001fc                delay_driver_init
 .text.system_init
                0x00000210      0x13c driver_init.o
                0x00000210                system_init
 .text.atomic_enter_critical
                0x0000034c        0xe hal/src/hal_atomic.o
                0x0000034c                atomic_enter_critical
 .text.atomic_leave_critical
                0x0000035a        0xc hal/src/hal_atomic.o
                0x0000035a                atomic_leave_critical
 *fill*         0x00000366        0x2 
 .text.delay_init
                0x00000368       0x14 hal/src/hal_delay.o
                0x00000368                delay_init
 .text.delay_ms
                0x0000037c       0x20 hal/src/hal_delay.o
                0x0000037c                delay_ms
 .text._sbrk    0x0000039c       0x24 hal/utils/src/utils_syscalls.o
                0x0000039c                _sbrk
 .text._get_cycles_for_ms
                0x000003c0        0xc hpl/core/hpl_core_m0plus_base.o
                0x000003c0                _get_cycles_for_ms
 .text._init_chip
                0x000003cc       0x34 hpl/core/hpl_init.o
                0x000003cc                _init_chip
 .text._gclk_init_generators_by_fref
                0x00000400       0x40 hpl/gclk/hpl_gclk.o
                0x00000400                _gclk_init_generators_by_fref
 .text._pm_init
                0x00000440       0x20 hpl/pm/hpl_pm.o
                0x00000440                _pm_init
 .text._sysctrl_init_sources
                0x00000460       0x34 hpl/sysctrl/hpl_sysctrl.o
                0x00000460                _sysctrl_init_sources
 .text._sysctrl_init_referenced_generators
                0x00000494       0x78 hpl/sysctrl/hpl_sysctrl.o
                0x00000494                _sysctrl_init_referenced_generators
 .text._delay_init
                0x0000050c       0x14 hpl/systick/hpl_systick.o
                0x0000050c                _delay_init
 .text._delay_cycles
                0x00000520       0x54 hpl/systick/hpl_systick.o
                0x00000520                _delay_cycles
 .text.eink_ite_wait_for_hrdy
                0x00000574       0x10 main.o
 .text.gfx_eink_set_pixel
                0x00000584       0x10 main.o
 .text.gfx_eink_set_pixel_raw
                0x00000594       0x10 main.o
 .text.eink_et011tt2_graphics_load_mono_image
                0x000005a4       0xe8 main.o
                0x000005a4                eink_et011tt2_graphics_load_mono_image
 .text.eink_ed013tc1_graphics_load_mono_image
                0x0000068c       0xe8 main.o
                0x0000068c                eink_ed013tc1_graphics_load_mono_image
 .text.eink_ed029tc1_graphics_load_mono_image
                0x00000774       0xe0 main.o
                0x00000774                eink_ed029tc1_graphics_load_mono_image
 .text.eink_el026tr1_graphics_load_mono_image
                0x00000854       0x28 main.o
                0x00000854                eink_el026tr1_graphics_load_mono_image
 .text.eink_hink_e0154a05_graphics_load_mono_image
                0x0000087c       0xe0 main.o
                0x0000087c                eink_hink_e0154a05_graphics_load_mono_image
 .text.eink_ac040tc1_graphics_load_mono_image
                0x0000095c       0xdc main.o
                0x0000095c                eink_ac040tc1_graphics_load_mono_image
 .text.eink_ac057tc1_graphics_load_mono_image
                0x00000a38       0xdc main.o
                0x00000a38                eink_ac057tc1_graphics_load_mono_image
 .text.eink_ed057tc2_graphics_load_mono_image
                0x00000b14       0xdc main.o
                0x00000b14                eink_ed057tc2_graphics_load_mono_image
 .text.eink_ed028tc1_graphics_load_mono_image
                0x00000bf0       0xe8 main.o
                0x00000bf0                eink_ed028tc1_graphics_load_mono_image
 .text.eink_ed037tc1_graphics_load_mono_image
                0x00000cd8       0xe0 main.o
                0x00000cd8                eink_ed037tc1_graphics_load_mono_image
 .text.it8951_wait_for_hrdy
                0x00000db8        0x2 main.o
 *fill*         0x00000dba        0x2 
 .text.eink_interface_init
                0x00000dbc       0xdc main.o
 .text.eink_ed037tc1_set_pixel
                0x00000e98       0xc8 main.o
                0x00000e98                eink_ed037tc1_set_pixel
 .text.eink_ed028tc1_set_pixel_raw
                0x00000f60      0x144 main.o
                0x00000f60                eink_ed028tc1_set_pixel_raw
 .text.eink_ed028tc1_set_pixel
                0x000010a4       0x18 main.o
                0x000010a4                eink_ed028tc1_set_pixel
 .text.eink_ed028tc1_graphics_load_4bgrey_image
                0x000010bc       0xa4 main.o
                0x000010bc                eink_ed028tc1_graphics_load_4bgrey_image
 .text.eink_ed057tc2_set_pixel
                0x00001160       0xe4 main.o
                0x00001160                eink_ed057tc2_set_pixel
 .text.eink_ac057tc1_set_pixel
                0x00001244      0x354 main.o
                0x00001244                eink_ac057tc1_set_pixel
 .text.eink_ac040tc1_set_pixel
                0x00001598      0x354 main.o
                0x00001598                eink_ac040tc1_set_pixel
 .text.eink_hink_e0154a05_set_pixel
                0x000018ec       0xb4 main.o
                0x000018ec                eink_hink_e0154a05_set_pixel
 .text.eink_ed029tc1_set_pixel
                0x000019a0       0xe8 main.o
                0x000019a0                eink_ed029tc1_set_pixel
 .text.eink_el026tr1_set_pixel
                0x00001a88        0xc main.o
                0x00001a88                eink_el026tr1_set_pixel
 .text.eink_ed013tc1_set_pixel
                0x00001a94       0x64 main.o
                0x00001a94                eink_ed013tc1_set_pixel
 .text.eink_et011tt2_set_pixel_raw
                0x00001af8       0x84 main.o
                0x00001af8                eink_et011tt2_set_pixel_raw
 .text.eink_et011tt2_set_pixel
                0x00001b7c       0x18 main.o
                0x00001b7c                eink_et011tt2_set_pixel
 .text.eink_send_raw_byte
                0x00001b94       0x44 main.o
                0x00001b94                eink_send_raw_byte
 .text.eink_write_data
                0x00001bd8       0x38 main.o
                0x00001bd8                eink_write_data
 .text.eink_et011tt2_refresh_display_buffer
                0x00001c10       0xa8 main.o
 .text.eink_ed013tc1_refresh_display_buffer
                0x00001cb8       0xe0 main.o
 .text.eink_ed029tc1_refresh_display_buffer
                0x00001d98       0x84 main.o
 .text.eink_ed029tc1_put_display_buffer
                0x00001e1c      0x13c main.o
                0x00001e1c                eink_ed029tc1_put_display_buffer
 .text.eink_el026tr1_refresh_display_buffer
                0x00001f58       0x84 main.o
 .text.eink_el026tr1_put_display_buffer
                0x00001fdc      0x11c main.o
                0x00001fdc                eink_el026tr1_put_display_buffer
 .text.eink_hink_e0154a05_refresh_display_buffer
                0x000020f8       0xa8 main.o
 .text.eink_ac040tc1_refresh_display_buffer
                0x000021a0       0xb0 main.o
 .text.eink_ac040tc1_put_display_buffer
                0x00002250       0xfc main.o
                0x00002250                eink_ac040tc1_put_display_buffer
 .text.eink_ac057tc1_refresh_display_buffer
                0x0000234c       0xb0 main.o
 .text.eink_ac057tc1_put_display_buffer
                0x000023fc      0x100 main.o
                0x000023fc                eink_ac057tc1_put_display_buffer
 .text.eink_ed057tc2_refresh_display_buffer
                0x000024fc       0x84 main.o
 .text.eink_ed057tc2_put_display_buffer
                0x00002580       0xdc main.o
                0x00002580                eink_ed057tc2_put_display_buffer
 .text.eink_ed028tc1_refresh_display_buffer
                0x0000265c       0xa4 main.o
 .text.eink_ed037tc1_refresh_display_buffer
                0x00002700       0x74 main.o
 .text.eink_ed037tc1_put_display_buffer
                0x00002774       0xac main.o
                0x00002774                eink_ed037tc1_put_display_buffer
 .text.eink_ed037tc1_put_partial_display_buffer
                0x00002820      0x128 main.o
                0x00002820                eink_ed037tc1_put_partial_display_buffer
 .text.eink_hink_e0154a05_put_display_buffer
                0x00002948      0x12c main.o
                0x00002948                eink_hink_e0154a05_put_display_buffer
 .text.eink_et011tt2_put_display_buffer
                0x00002a74       0xdc main.o
                0x00002a74                eink_et011tt2_put_display_buffer
 .text.eink_ed028tc1_put_display_buffer
                0x00002b50      0x110 main.o
                0x00002b50                eink_ed028tc1_put_display_buffer
 .text.eink_ed013tc1_put_display_buffer
                0x00002c60      0x12c main.o
                0x00002c60                eink_ed013tc1_put_display_buffer
 .text._eink_ite_write_data
                0x00002d8c       0x54 main.o
                0x00002d8c                _eink_ite_write_data
 .text.eink_ite_write_data
                0x00002de0       0x10 main.o
                0x00002de0                eink_ite_write_data
 .text.eink_it8951_refresh_partial_display
                0x00002df0       0xac main.o
 .text.eink_it8951_refresh_display_mode
                0x00002e9c       0x50 main.o
 .text.eink_it8951_put_partial_display_buffer
                0x00002eec      0x13c main.o
                0x00002eec                eink_it8951_put_partial_display_buffer
 .text.eink_it8951_refresh_display
                0x00003028       0x54 main.o
 .text.eink_ite_write_data_fast
                0x0000307c       0x10 main.o
                0x0000307c                eink_ite_write_data_fast
 .text.eink_it8951_put_display_buffer
                0x0000308c       0xe4 main.o
                0x0000308c                eink_it8951_put_display_buffer
 .text.eink_ite_set_bit
                0x00003170       0x1c main.o
                0x00003170                eink_ite_set_bit
 .text.eink_it8951_set_pixel_raw
                0x0000318c       0xe8 main.o
                0x0000318c                eink_it8951_set_pixel_raw
 .text.eink_it8951_graphics_load_4bgrey_image
                0x00003274      0x11c main.o
                0x00003274                eink_it8951_graphics_load_4bgrey_image
 .text.uc8173_init
                0x00003390       0x6c main.o
                0x00003390                uc8173_init
 .text.uc8173_set_config
                0x000033fc      0x22c main.o
                0x000033fc                uc8173_set_config
 .text.eink_et011tt2_init
                0x00003628       0xcc main.o
                0x00003628                eink_et011tt2_init
 .text.uc8151_set_psr_config
                0x000036f4      0x17c main.o
                0x000036f4                uc8151_set_psr_config
 .text.uc8151_set_config
                0x00003870      0x5d8 main.o
                0x00003870                uc8151_set_config
 .text.gfx_eink_graphics_fill_screen
                0x00003e48      0x188 main.o
                0x00003e48                gfx_eink_graphics_fill_screen
 .text.gfx_eink_graphics_draw_rect
                0x00003fd0      0x1a0 main.o
                0x00003fd0                gfx_eink_graphics_draw_rect
 .text._gfx_eink_text_write_character
                0x00004170      0x270 main.o
                0x00004170                _gfx_eink_text_write_character
 .text.gfx_eink_text_write_string_raw
                0x000043e0       0x80 main.o
                0x000043e0                gfx_eink_text_write_string_raw
 .text.eink_init_display
                0x00004460       0x1c main.o
                0x00004460                eink_init_display
 .text.main     0x0000447c      0x130 main.o
                0x0000447c                main
 .text.__libc_init_array
                0x000045ac       0x48 c:/program files (x86)/atmel/studio/7.0/toolchain/arm/arm-gnu-toolchain/bin/../lib/gcc/arm-none-eabi/6.3.1/../../../../arm-none-eabi/lib/thumb/v6-m\libc_nano.a(lib_a-init.o)
                0x000045ac                __libc_init_array
 .text.malloc   0x000045f4       0x14 c:/program files (x86)/atmel/studio/7.0/toolchain/arm/arm-gnu-toolchain/bin/../lib/gcc/arm-none-eabi/6.3.1/../../../../arm-none-eabi/lib/thumb/v6-m\libc_nano.a(lib_a-malloc.o)
                0x000045f4                malloc
 .text.memcpy   0x00004608       0x12 c:/program files (x86)/atmel/studio/7.0/toolchain/arm/arm-gnu-toolchain/bin/../lib/gcc/arm-none-eabi/6.3.1/../../../../arm-none-eabi/lib/thumb/v6-m\libc_nano.a(lib_a-memcpy-stub.o)
                0x00004608                memcpy
 *fill*         0x0000461a        0x2 
 .text._malloc_r
                0x0000461c       0xbc c:/program files (x86)/atmel/studio/7.0/toolchain/arm/arm-gnu-toolchain/bin/../lib/gcc/arm-none-eabi/6.3.1/../../../../arm-none-eabi/lib/thumb/v6-m\libc_nano.a(lib_a-nano-mallocr.o)
                0x0000461c                _malloc_r
 .text._sbrk_r  0x000046d8       0x24 c:/program files (x86)/atmel/studio/7.0/toolchain/arm/arm-gnu-toolchain/bin/../lib/gcc/arm-none-eabi/6.3.1/../../../../arm-none-eabi/lib/thumb/v6-m\libc_nano.a(lib_a-sbrkr.o)
                0x000046d8                _sbrk_r
 .text.__malloc_lock
                0x000046fc        0x2 c:/program files (x86)/atmel/studio/7.0/toolchain/arm/arm-gnu-toolchain/bin/../lib/gcc/arm-none-eabi/6.3.1/../../../../arm-none-eabi/lib/thumb/v6-m\libc_nano.a(lib_a-mlock.o)
                0x000046fc                __malloc_lock
 .text.__malloc_unlock
                0x000046fe        0x2 c:/program files (x86)/atmel/studio/7.0/toolchain/arm/arm-gnu-toolchain/bin/../lib/gcc/arm-none-eabi/6.3.1/../../../../arm-none-eabi/lib/thumb/v6-m\libc_nano.a(lib_a-mlock.o)
                0x000046fe                __malloc_unlock
 *(.glue_7t)
 .glue_7t       0x00004700        0x0 linker stubs
 *(.glue_7)
 .glue_7        0x00004700        0x0 linker stubs
 *(.rodata .rodata* .gnu.linkonce.r.*)
 .rodata        0x00004700     0x27ac main.o
                0x00004b18                SSD1608_A45_IU_LUT
                0x00004b38                SSD1608_A05_IU_LUT
                0x0000571c                UC8173_KWVCOM_A2_LUT
                0x0000573c                UC8173_KW_A2_LUT
                0x0000593c                UC8173_FT_A2_LUT
                0x000059bc                ArvoBold_18pt_CharCount
                0x00005a1c                ArvoBold_18pt_Table
 .rodata.str1.4
                0x00006eac       0x10 main.o
                                  0xd (size before relaxing)
 .rodata.__sf_fake_stderr
                0x00006ebc       0x20 c:/program files (x86)/atmel/studio/7.0/toolchain/arm/arm-gnu-toolchain/bin/../lib/gcc/arm-none-eabi/6.3.1/../../../../arm-none-eabi/lib/thumb/v6-m\libc_nano.a(lib_a-findfp.o)
                0x00006ebc                __sf_fake_stderr
 .rodata.__sf_fake_stdin
                0x00006edc       0x20 c:/program files (x86)/atmel/studio/7.0/toolchain/arm/arm-gnu-toolchain/bin/../lib/gcc/arm-none-eabi/6.3.1/../../../../arm-none-eabi/lib/thumb/v6-m\libc_nano.a(lib_a-findfp.o)
                0x00006edc                __sf_fake_stdin
 .rodata.__sf_fake_stdout
                0x00006efc       0x20 c:/program files (x86)/atmel/studio/7.0/toolchain/arm/arm-gnu-toolchain/bin/../lib/gcc/arm-none-eabi/6.3.1/../../../../arm-none-eabi/lib/thumb/v6-m\libc_nano.a(lib_a-findfp.o)
                0x00006efc                __sf_fake_stdout
 *(.ARM.extab* .gnu.linkonce.armextab.*)
                0x00006f1c                . = ALIGN (0x4)
 *(.init)
 .init          0x00006f1c        0x4 c:/program files (x86)/atmel/studio/7.0/toolchain/arm/arm-gnu-toolchain/bin/../lib/gcc/arm-none-eabi/6.3.1/thumb/v6-m/crti.o
                0x00006f1c                _init
 .init          0x00006f20        0x8 c:/program files (x86)/atmel/studio/7.0/toolchain/arm/arm-gnu-toolchain/bin/../lib/gcc/arm-none-eabi/6.3.1/thumb/v6-m/crtn.o
                0x00006f28                . = ALIGN (0x4)
                0x00006f28                __preinit_array_start = .
 *(.preinit_array)
                0x00006f28                __preinit_array_end = .
                0x00006f28                . = ALIGN (0x4)
                0x00006f28                __init_array_start = .
 *(SORT(.init_array.*))
 *(.init_array)
 .init_array    0x00006f28        0x4 c:/program files (x86)/atmel/studio/7.0/toolchain/arm/arm-gnu-toolchain/bin/../lib/gcc/arm-none-eabi/6.3.1/thumb/v6-m/crtbegin.o
                0x00006f2c                __init_array_end = .
                0x00006f2c                . = ALIGN (0x4)
 *crtbegin.o(.ctors)
 *(EXCLUDE_FILE(*crtend.o) .ctors)
 *(SORT(.ctors.*))
 *crtend.o(.ctors)
                0x00006f2c                . = ALIGN (0x4)
 *(.fini)
 .fini          0x00006f2c        0x4 c:/program files (x86)/atmel/studio/7.0/toolchain/arm/arm-gnu-toolchain/bin/../lib/gcc/arm-none-eabi/6.3.1/thumb/v6-m/crti.o
                0x00006f2c                _fini
 .fini          0x00006f30        0x8 c:/program files (x86)/atmel/studio/7.0/toolchain/arm/arm-gnu-toolchain/bin/../lib/gcc/arm-none-eabi/6.3.1/thumb/v6-m/crtn.o
                0x00006f38                . = ALIGN (0x4)
                0x00006f38                __fini_array_start = .
 *(.fini_array)
 .fini_array    0x00006f38        0x4 c:/program files (x86)/atmel/studio/7.0/toolchain/arm/arm-gnu-toolchain/bin/../lib/gcc/arm-none-eabi/6.3.1/thumb/v6-m/crtbegin.o
 *(SORT(.fini_array.*))
                0x00006f3c                __fini_array_end = .
 *crtbegin.o(.dtors)
 *(EXCLUDE_FILE(*crtend.o) .dtors)
 *(SORT(.dtors.*))
 *crtend.o(.dtors)
                0x00006f3c                . = ALIGN (0x4)
                0x00006f3c                _efixed = .
                [!provide]                PROVIDE (__exidx_start, .)

.vfp11_veneer   0x00006f3c        0x0
 .vfp11_veneer  0x00006f3c        0x0 linker stubs

.v4_bx          0x00006f3c        0x0
 .v4_bx         0x00006f3c        0x0 linker stubs

.iplt           0x00006f3c        0x0
 .iplt          0x00006f3c        0x0 c:/program files (x86)/atmel/studio/7.0/toolchain/arm/arm-gnu-toolchain/bin/../lib/gcc/arm-none-eabi/6.3.1/thumb/v6-m/crtbegin.o

.eh_frame       0x00006f3c        0x0
 .eh_frame      0x00006f3c        0x0 c:/program files (x86)/atmel/studio/7.0/toolchain/arm/arm-gnu-toolchain/bin/../lib/gcc/arm-none-eabi/6.3.1/thumb/v6-m/crtbegin.o

.rel.dyn        0x00006f3c        0x0
 .rel.iplt      0x00006f3c        0x0 c:/program files (x86)/atmel/studio/7.0/toolchain/arm/arm-gnu-toolchain/bin/../lib/gcc/arm-none-eabi/6.3.1/thumb/v6-m/crtbegin.o

.jcr            0x00006f3c        0x0
 .jcr           0x00006f3c        0x0 c:/program files (x86)/atmel/studio/7.0/toolchain/arm/arm-gnu-toolchain/bin/../lib/gcc/arm-none-eabi/6.3.1/thumb/v6-m/crtbegin.o

.igot.plt       0x00006f3c        0x0
 .igot.plt      0x00006f3c        0x0 c:/program files (x86)/atmel/studio/7.0/toolchain/arm/arm-gnu-toolchain/bin/../lib/gcc/arm-none-eabi/6.3.1/thumb/v6-m/crtbegin.o

.ARM.exidx
 *(.ARM.exidx* .gnu.linkonce.armexidx.*)
                [!provide]                PROVIDE (__exidx_end, .)
                0x00006f3c                . = ALIGN (0x4)
                0x00006f3c                _etext = .

.relocate       0x20000000      0x348 load address 0x00006f3c
                0x20000000                . = ALIGN (0x4)
                0x20000000                _srelocate = .
 *(.ramfunc .ramfunc.*)
 *(.data .data.*)
 .data          0x20000000      0x2e4 main.o
                0x20000000                eink_gfx_et011tt2_config
                0x2000003c                eink_gfx_ed013tc1_config
                0x20000078                eink_gfx_ed029tc1_config
                0x200000b4                eink_gfx_el026tr1_config
                0x200000f0                eink_gfx_hink_e0154a05_config
                0x2000012c                eink_gfx_hink_e0154a45_config
                0x20000168                eink_gfx_ac040tc1_config
                0x200001a4                eink_gfx_ac057tc1_config
                0x200001e0                eink_gfx_ed057tc2_config
                0x2000021c                eink_gfx_ed028tc1_config
                0x20000258                eink_gfx_ed037tc1_config
                0x20000294                eink_ite_it8951_config
                0x20000298                eink_gfx_it8951_config
                0x200002d4                ArvoBold_18pt
 .data._impure_ptr
                0x200002e4        0x4 c:/program files (x86)/atmel/studio/7.0/toolchain/arm/arm-gnu-toolchain/bin/../lib/gcc/arm-none-eabi/6.3.1/../../../../arm-none-eabi/lib/thumb/v6-m\libc_nano.a(lib_a-impure.o)
                0x200002e4                _impure_ptr
 .data.impure_data
                0x200002e8       0x60 c:/program files (x86)/atmel/studio/7.0/toolchain/arm/arm-gnu-toolchain/bin/../lib/gcc/arm-none-eabi/6.3.1/../../../../arm-none-eabi/lib/thumb/v6-m\libc_nano.a(lib_a-impure.o)
                0x20000348                . = ALIGN (0x4)
                0x20000348                _erelocate = .

.bss            0x20000348       0xe4 load address 0x00007284
                0x20000348                . = ALIGN (0x4)
                0x20000348                _sbss = .
                0x20000348                _szero = .
 *(.bss .bss.*)
 .bss           0x20000348       0x1c c:/program files (x86)/atmel/studio/7.0/toolchain/arm/arm-gnu-toolchain/bin/../lib/gcc/arm-none-eabi/6.3.1/thumb/v6-m/crtbegin.o
 .bss           0x20000364        0x4 hal/src/hal_delay.o
 .bss           0x20000368        0x4 hal/utils/src/utils_syscalls.o
 .bss.__malloc_free_list
                0x2000036c        0x4 c:/program files (x86)/atmel/studio/7.0/toolchain/arm/arm-gnu-toolchain/bin/../lib/gcc/arm-none-eabi/6.3.1/../../../../arm-none-eabi/lib/thumb/v6-m\libc_nano.a(lib_a-nano-mallocr.o)
                0x2000036c                __malloc_free_list
 .bss.__malloc_sbrk_start
                0x20000370        0x4 c:/program files (x86)/atmel/studio/7.0/toolchain/arm/arm-gnu-toolchain/bin/../lib/gcc/arm-none-eabi/6.3.1/../../../../arm-none-eabi/lib/thumb/v6-m\libc_nano.a(lib_a-nano-mallocr.o)
                0x20000370                __malloc_sbrk_start
 *(COMMON)
 COMMON         0x20000374       0xb4 main.o
                0x20000374                ed028tc1_dtm1_display_buffer
                0x20000378                et011tt2_dtm2_display_buffer
                0x2000037c                el026tr1_dtm2_display_buffer
                0x20000380                uc8173_global_instance
                0x20000388                et011tt2_dtm1_display_buffer
                0x2000038c                ac040tc1_dtm1_display_buffer
                0x20000390                ptr_eink_ite_config
                0x20000394                ed029tc1_dtm2_display_buffer
                0x20000398                it8951_dtm_display_buffer
                0x2000039c                ed057tc2_dtm1_display_buffer
                0x200003a0                ed029tc1_dtm1_display_buffer
                0x200003a4                uc8177_global_instance
                0x200003ac                ssd1608_global_instance
                0x200003b4                it8951_global_instance
                0x200003ec                uc8151_global_instance
                0x200003fc                uc8159_global_instance
                0x20000404                ed013tc1_dtm2_display_buffer
                0x20000408                ssd1677_global_instance
                0x20000410                ac057tc1_dtm1_display_buffer
                0x20000414                hink_e0154a05_display_buffer
                0x20000418                ed013tc1_dtm1_display_buffer
                0x2000041c                el026tr1_dtm1_display_buffer
                0x20000420                ed037tc1_dtm1_display_buffer
                0x20000424                ptr_eink_gfx_config
 COMMON         0x20000428        0x4 c:/program files (x86)/atmel/studio/7.0/toolchain/arm/arm-gnu-toolchain/bin/../lib/gcc/arm-none-eabi/6.3.1/../../../../arm-none-eabi/lib/thumb/v6-m\libc_nano.a(lib_a-reent.o)
                0x20000428                errno
                0x2000042c                . = ALIGN (0x4)
                0x2000042c                _ebss = .
                0x2000042c                _ezero = .

.stack          0x2000042c     0x2004 load address 0x00007368
                0x20000430                . = ALIGN (0x8)
 *fill*         0x2000042c        0x4 
                0x20000430                _sstack = .
                0x20002430                . = (. + STACK_SIZE)
 *fill*         0x20000430     0x2000 
                0x20002430                . = ALIGN (0x8)
                0x20002430                _estack = .
                0x20002430                . = ALIGN (0x4)
                0x20002430                _end = .
OUTPUT(samd21_et011tt2__4_1_6.elf elf32-littlearm)

.ARM.attributes
                0x00000000       0x28
 .ARM.attributes
                0x00000000       0x1e c:/program files (x86)/atmel/studio/7.0/toolchain/arm/arm-gnu-toolchain/bin/../lib/gcc/arm-none-eabi/6.3.1/thumb/v6-m/crti.o
 .ARM.attributes
                0x0000001e       0x2c c:/program files (x86)/atmel/studio/7.0/toolchain/arm/arm-gnu-toolchain/bin/../lib/gcc/arm-none-eabi/6.3.1/thumb/v6-m/crtbegin.o
 .ARM.attributes
                0x0000004a       0x32 Device_Startup/startup_samd21.o
 .ARM.attributes
                0x0000007c       0x32 driver_init.o
 .ARM.attributes
                0x000000ae       0x32 hal/src/hal_atomic.o
 .ARM.attributes
                0x000000e0       0x32 hal/src/hal_delay.o
 .ARM.attributes
                0x00000112       0x32 hal/utils/src/utils_syscalls.o
 .ARM.attributes
                0x00000144       0x32 hpl/core/hpl_core_m0plus_base.o
 .ARM.attributes
                0x00000176       0x32 hpl/core/hpl_init.o
 .ARM.attributes
                0x000001a8       0x32 hpl/gclk/hpl_gclk.o
 .ARM.attributes
                0x000001da       0x32 hpl/pm/hpl_pm.o
 .ARM.attributes
                0x0000020c       0x32 hpl/sysctrl/hpl_sysctrl.o
 .ARM.attributes
                0x0000023e       0x32 hpl/systick/hpl_systick.o
 .ARM.attributes
                0x00000270       0x32 main.o
 .ARM.attributes
                0x000002a2       0x2c c:/program files (x86)/atmel/studio/7.0/toolchain/arm/arm-gnu-toolchain/bin/../lib/gcc/arm-none-eabi/6.3.1/../../../../arm-none-eabi/lib/thumb/v6-m\libc_nano.a(lib_a-impure.o)
 .ARM.attributes
                0x000002ce       0x2c c:/program files (x86)/atmel/studio/7.0/toolchain/arm/arm-gnu-toolchain/bin/../lib/gcc/arm-none-eabi/6.3.1/../../../../arm-none-eabi/lib/thumb/v6-m\libc_nano.a(lib_a-init.o)
 .ARM.attributes
                0x000002fa       0x2c c:/program files (x86)/atmel/studio/7.0/toolchain/arm/arm-gnu-toolchain/bin/../lib/gcc/arm-none-eabi/6.3.1/../../../../arm-none-eabi/lib/thumb/v6-m\libc_nano.a(lib_a-malloc.o)
 .ARM.attributes
                0x00000326       0x2c c:/program files (x86)/atmel/studio/7.0/toolchain/arm/arm-gnu-toolchain/bin/../lib/gcc/arm-none-eabi/6.3.1/../../../../arm-none-eabi/lib/thumb/v6-m\libc_nano.a(lib_a-memcpy-stub.o)
 .ARM.attributes
                0x00000352       0x2c c:/program files (x86)/atmel/studio/7.0/toolchain/arm/arm-gnu-toolchain/bin/../lib/gcc/arm-none-eabi/6.3.1/../../../../arm-none-eabi/lib/thumb/v6-m\libc_nano.a(lib_a-nano-mallocr.o)
 .ARM.attributes
                0x0000037e       0x2c c:/program files (x86)/atmel/studio/7.0/toolchain/arm/arm-gnu-toolchain/bin/../lib/gcc/arm-none-eabi/6.3.1/../../../../arm-none-eabi/lib/thumb/v6-m\libc_nano.a(lib_a-sbrkr.o)
 .ARM.attributes
                0x000003aa       0x2c c:/program files (x86)/atmel/studio/7.0/toolchain/arm/arm-gnu-toolchain/bin/../lib/gcc/arm-none-eabi/6.3.1/../../../../arm-none-eabi/lib/thumb/v6-m\libc_nano.a(lib_a-findfp.o)
 .ARM.attributes
                0x000003d6       0x2c c:/program files (x86)/atmel/studio/7.0/toolchain/arm/arm-gnu-toolchain/bin/../lib/gcc/arm-none-eabi/6.3.1/../../../../arm-none-eabi/lib/thumb/v6-m\libc_nano.a(lib_a-mlock.o)
 .ARM.attributes
                0x00000402       0x2c c:/program files (x86)/atmel/studio/7.0/toolchain/arm/arm-gnu-toolchain/bin/../lib/gcc/arm-none-eabi/6.3.1/../../../../arm-none-eabi/lib/thumb/v6-m\libc_nano.a(lib_a-reent.o)
 .ARM.attributes
                0x0000042e       0x1e c:/program files (x86)/atmel/studio/7.0/toolchain/arm/arm-gnu-toolchain/bin/../lib/gcc/arm-none-eabi/6.3.1/thumb/v6-m/crtn.o

.comment        0x00000000       0x59
 .comment       0x00000000       0x59 Device_Startup/startup_samd21.o
                                 0x5a (size before relaxing)
 .comment       0x00000059       0x5a driver_init.o
 .comment       0x00000059       0x5a hal/src/hal_atomic.o
 .comment       0x00000059       0x5a hal/src/hal_delay.o
 .comment       0x00000059       0x5a hal/utils/src/utils_syscalls.o
 .comment       0x00000059       0x5a hpl/core/hpl_core_m0plus_base.o
 .comment       0x00000059       0x5a hpl/core/hpl_init.o
 .comment       0x00000059       0x5a hpl/gclk/hpl_gclk.o
 .comment       0x00000059       0x5a hpl/pm/hpl_pm.o
 .comment       0x00000059       0x5a hpl/sysctrl/hpl_sysctrl.o
 .comment       0x00000059       0x5a hpl/systick/hpl_systick.o
 .comment       0x00000059       0x5a main.o

.debug_info     0x00000000    0x1a89b
 .debug_info    0x00000000     0x3a28 Device_Startup/startup_samd21.o
 .debug_info    0x00003a28     0x1e0c driver_init.o
 .debug_info    0x00005834      0x1d1 hal/src/hal_atomic.o
 .debug_info    0x00005a05      0x1dc hal/src/hal_delay.o
 .debug_info    0x00005be1      0xdca hal/utils/src/utils_syscalls.o
 .debug_info    0x000069ab      0x7f4 hpl/core/hpl_core_m0plus_base.o
 .debug_info    0x0000719f      0x68a hpl/core/hpl_init.o
 .debug_info    0x00007829      0x5ad hpl/gclk/hpl_gclk.o
 .debug_info    0x00007dd6      0xc6d hpl/pm/hpl_pm.o
 .debug_info    0x00008a43     0x18f9 hpl/sysctrl/hpl_sysctrl.o
 .debug_info    0x0000a33c      0x276 hpl/systick/hpl_systick.o
 .debug_info    0x0000a5b2    0x102e9 main.o

.debug_abbrev   0x00000000     0x1c5f
 .debug_abbrev  0x00000000      0x234 Device_Startup/startup_samd21.o
 .debug_abbrev  0x00000234      0x29c driver_init.o
 .debug_abbrev  0x000004d0      0x144 hal/src/hal_atomic.o
 .debug_abbrev  0x00000614       0xe1 hal/src/hal_delay.o
 .debug_abbrev  0x000006f5      0x269 hal/utils/src/utils_syscalls.o
 .debug_abbrev  0x0000095e      0x29d hpl/core/hpl_core_m0plus_base.o
 .debug_abbrev  0x00000bfb      0x1d9 hpl/core/hpl_init.o
 .debug_abbrev  0x00000dd4      0x1c3 hpl/gclk/hpl_gclk.o
 .debug_abbrev  0x00000f97      0x211 hpl/pm/hpl_pm.o
 .debug_abbrev  0x000011a8      0x285 hpl/sysctrl/hpl_sysctrl.o
 .debug_abbrev  0x0000142d      0x185 hpl/systick/hpl_systick.o
 .debug_abbrev  0x000015b2      0x6ad main.o

.debug_loc      0x00000000     0xe9a3
 .debug_loc     0x00000000       0x40 Device_Startup/startup_samd21.o
 .debug_loc     0x00000040      0xda3 driver_init.o
 .debug_loc     0x00000de3       0x13 hal/src/hal_atomic.o
 .debug_loc     0x00000df6       0xc3 hal/src/hal_delay.o
 .debug_loc     0x00000eb9      0x13b hal/utils/src/utils_syscalls.o
 .debug_loc     0x00000ff4      0x1d7 hpl/core/hpl_core_m0plus_base.o
 .debug_loc     0x000011cb       0x4c hpl/core/hpl_init.o
 .debug_loc     0x00001217      0x190 hpl/gclk/hpl_gclk.o
 .debug_loc     0x000013a7      0x11b hpl/pm/hpl_pm.o
 .debug_loc     0x000014c2      0x263 hpl/sysctrl/hpl_sysctrl.o
 .debug_loc     0x00001725      0x10e hpl/systick/hpl_systick.o
 .debug_loc     0x00001833     0xd170 main.o

.debug_aranges  0x00000000      0x5f0
 .debug_aranges
                0x00000000       0x28 Device_Startup/startup_samd21.o
 .debug_aranges
                0x00000028       0x28 driver_init.o
 .debug_aranges
                0x00000050       0x30 hal/src/hal_atomic.o
 .debug_aranges
                0x00000080       0x38 hal/src/hal_delay.o
 .debug_aranges
                0x000000b8       0x60 hal/utils/src/utils_syscalls.o
 .debug_aranges
                0x00000118       0x70 hpl/core/hpl_core_m0plus_base.o
 .debug_aranges
                0x00000188       0x20 hpl/core/hpl_init.o
 .debug_aranges
                0x000001a8       0x28 hpl/gclk/hpl_gclk.o
 .debug_aranges
                0x000001d0       0x30 hpl/pm/hpl_pm.o
 .debug_aranges
                0x00000200       0x28 hpl/sysctrl/hpl_sysctrl.o
 .debug_aranges
                0x00000228       0x48 hpl/systick/hpl_systick.o
 .debug_aranges
                0x00000270      0x380 main.o

.debug_ranges   0x00000000      0x7a8
 .debug_ranges  0x00000000       0x18 Device_Startup/startup_samd21.o
 .debug_ranges  0x00000018       0x18 driver_init.o
 .debug_ranges  0x00000030       0x20 hal/src/hal_atomic.o
 .debug_ranges  0x00000050       0x28 hal/src/hal_delay.o
 .debug_ranges  0x00000078       0x50 hal/utils/src/utils_syscalls.o
 .debug_ranges  0x000000c8       0x60 hpl/core/hpl_core_m0plus_base.o
 .debug_ranges  0x00000128       0x10 hpl/core/hpl_init.o
 .debug_ranges  0x00000138       0x18 hpl/gclk/hpl_gclk.o
 .debug_ranges  0x00000150       0x20 hpl/pm/hpl_pm.o
 .debug_ranges  0x00000170       0x60 hpl/sysctrl/hpl_sysctrl.o
 .debug_ranges  0x000001d0       0x38 hpl/systick/hpl_systick.o
 .debug_ranges  0x00000208      0x5a0 main.o

.debug_macro    0x00000000     0x50b4
 .debug_macro   0x00000000      0x301 Device_Startup/startup_samd21.o
 .debug_macro   0x00000301       0x39 Device_Startup/startup_samd21.o
 .debug_macro   0x0000033a      0x4e7 driver_init.o
 .debug_macro   0x00000821       0x10 driver_init.o
 .debug_macro   0x00000831       0xc9 driver_init.o
 .debug_macro   0x000008fa      0x42f hal/src/hal_atomic.o
 .debug_macro   0x00000d29      0x461 hal/src/hal_delay.o
 .debug_macro   0x0000118a      0x1d6 hal/utils/src/utils_syscalls.o
 .debug_macro   0x00001360       0x52 hal/utils/src/utils_syscalls.o
 .debug_macro   0x000013b2       0x8d hal/utils/src/utils_syscalls.o
 .debug_macro   0x0000143f       0x16 hal/utils/src/utils_syscalls.o
 .debug_macro   0x00001455       0x57 hal/utils/src/utils_syscalls.o
 .debug_macro   0x000014ac       0x97 hal/utils/src/utils_syscalls.o
 .debug_macro   0x00001543       0xf6 hal/utils/src/utils_syscalls.o
 .debug_macro   0x00001639       0x10 hal/utils/src/utils_syscalls.o
 .debug_macro   0x00001649       0x10 hal/utils/src/utils_syscalls.o
 .debug_macro   0x00001659       0x1c hal/utils/src/utils_syscalls.o
 .debug_macro   0x00001675       0x52 hal/utils/src/utils_syscalls.o
 .debug_macro   0x000016c7       0x40 hal/utils/src/utils_syscalls.o
 .debug_macro   0x00001707       0x10 hal/utils/src/utils_syscalls.o
 .debug_macro   0x00001717       0x40 hal/utils/src/utils_syscalls.o
 .debug_macro   0x00001757       0xd7 hal/utils/src/utils_syscalls.o
 .debug_macro   0x0000182e       0x16 hal/utils/src/utils_syscalls.o
 .debug_macro   0x00001844      0x18b hal/utils/src/utils_syscalls.o
 .debug_macro   0x000019cf       0x4c hal/utils/src/utils_syscalls.o
 .debug_macro   0x00001a1b       0x16 hal/utils/src/utils_syscalls.o
 .debug_macro   0x00001a31       0x10 hal/utils/src/utils_syscalls.o
 .debug_macro   0x00001a41       0x10 hal/utils/src/utils_syscalls.o
 .debug_macro   0x00001a51       0x35 hal/utils/src/utils_syscalls.o
 .debug_macro   0x00001a86      0x122 hal/utils/src/utils_syscalls.o
 .debug_macro   0x00001ba8      0x486 hpl/core/hpl_core_m0plus_base.o
 .debug_macro   0x0000202e      0x4a9 hpl/core/hpl_init.o
 .debug_macro   0x000024d7       0x2e hpl/core/hpl_init.o
 .debug_macro   0x00002505      0x6ec hpl/core/hpl_init.o
 .debug_macro   0x00002bf1      0x44b hpl/gclk/hpl_gclk.o
 .debug_macro   0x0000303c      0x1f3 hpl/gclk/hpl_gclk.o
 .debug_macro   0x0000322f      0x46e hpl/pm/hpl_pm.o
 .debug_macro   0x0000369d      0x445 hpl/sysctrl/hpl_sysctrl.o
 .debug_macro   0x00003ae2      0x2da hpl/sysctrl/hpl_sysctrl.o
 .debug_macro   0x00003dbc      0x43c hpl/systick/hpl_systick.o
 .debug_macro   0x000041f8       0x10 hpl/systick/hpl_systick.o
 .debug_macro   0x00004208      0x777 main.o
 .debug_macro   0x0000497f       0x16 main.o
 .debug_macro   0x00004995       0x16 main.o
 .debug_macro   0x000049ab       0x29 main.o
 .debug_macro   0x000049d4      0x109 main.o
 .debug_macro   0x00004add       0x1c main.o
 .debug_macro   0x00004af9       0x22 main.o
 .debug_macro   0x00004b1b      0x125 main.o
 .debug_macro   0x00004c40       0x22 main.o
 .debug_macro   0x00004c62       0x22 main.o
 .debug_macro   0x00004c84       0x88 main.o
 .debug_macro   0x00004d0c       0x22 main.o
 .debug_macro   0x00004d2e       0xac main.o
 .debug_macro   0x00004dda       0x22 main.o
 .debug_macro   0x00004dfc       0x22 main.o
 .debug_macro   0x00004e1e       0x22 main.o
 .debug_macro   0x00004e40       0xfb main.o
 .debug_macro   0x00004f3b       0x22 main.o
 .debug_macro   0x00004f5d       0xa6 main.o
 .debug_macro   0x00005003       0x22 main.o
 .debug_macro   0x00005025       0x8f main.o

.debug_line     0x00000000     0x9cfa
 .debug_line    0x00000000      0x6f1 Device_Startup/startup_samd21.o
 .debug_line    0x000006f1      0xb2e driver_init.o
 .debug_line    0x0000121f      0x96d hal/src/hal_atomic.o
 .debug_line    0x00001b8c      0x999 hal/src/hal_delay.o
 .debug_line    0x00002525      0x40b hal/utils/src/utils_syscalls.o
 .debug_line    0x00002930      0xae0 hpl/core/hpl_core_m0plus_base.o
 .debug_line    0x00003410      0xa19 hpl/core/hpl_init.o
 .debug_line    0x00003e29      0x9b2 hpl/gclk/hpl_gclk.o
 .debug_line    0x000047db      0x9de hpl/pm/hpl_pm.o
 .debug_line    0x000051b9      0xa81 hpl/sysctrl/hpl_sysctrl.o
 .debug_line    0x00005c3a      0x9cc hpl/systick/hpl_systick.o
 .debug_line    0x00006606     0x36f4 main.o

.debug_str      0x00000000    0x867bf
 .debug_str     0x00000000    0x70f69 Device_Startup/startup_samd21.o
                              0x71395 (size before relaxing)
 .debug_str     0x00070f69     0x9827 driver_init.o
                              0x79bb0 (size before relaxing)
 .debug_str     0x0007a790       0xb7 hal/src/hal_atomic.o
                              0x78e51 (size before relaxing)
 .debug_str     0x0007a847       0x9b hal/src/hal_delay.o
                              0x78ebb (size before relaxing)
 .debug_str     0x0007a8e2     0x450d hal/utils/src/utils_syscalls.o
                               0x732e (size before relaxing)
 .debug_str     0x0007edef      0x347 hpl/core/hpl_core_m0plus_base.o
                              0x7977d (size before relaxing)
 .debug_str     0x0007f136     0x17d7 hpl/core/hpl_init.o
                              0x7a8dd (size before relaxing)
 .debug_str     0x0008090d      0x8da hpl/gclk/hpl_gclk.o
                              0x7977d (size before relaxing)
 .debug_str     0x000811e7      0x3d1 hpl/pm/hpl_pm.o
                              0x7943c (size before relaxing)
 .debug_str     0x000815b8     0x12ec hpl/sysctrl/hpl_sysctrl.o
                              0x7a2e6 (size before relaxing)
 .debug_str     0x000828a4       0xcd hpl/systick/hpl_systick.o
                              0x78ea9 (size before relaxing)
 .debug_str     0x00082971     0x3e4e main.o
                              0x804fd (size before relaxing)

.debug_frame    0x00000000     0x1484
 .debug_frame   0x00000000       0x40 Device_Startup/startup_samd21.o
 .debug_frame   0x00000040       0x54 driver_init.o
 .debug_frame   0x00000094       0x40 hal/src/hal_atomic.o
 .debug_frame   0x000000d4       0x68 hal/src/hal_delay.o
 .debug_frame   0x0000013c       0xa8 hal/utils/src/utils_syscalls.o
 .debug_frame   0x000001e4       0xd4 hpl/core/hpl_core_m0plus_base.o
 .debug_frame   0x000002b8       0x28 hpl/core/hpl_init.o
 .debug_frame   0x000002e0       0x30 hpl/gclk/hpl_gclk.o
 .debug_frame   0x00000310       0x40 hpl/pm/hpl_pm.o
 .debug_frame   0x00000350       0x30 hpl/sysctrl/hpl_sysctrl.o
 .debug_frame   0x00000380       0x7c hpl/systick/hpl_systick.o
 .debug_frame   0x000003fc      0xde4 main.o
 .debug_frame   0x000011e0       0x2c c:/program files (x86)/atmel/studio/7.0/toolchain/arm/arm-gnu-toolchain/bin/../lib/gcc/arm-none-eabi/6.3.1/../../../../arm-none-eabi/lib/thumb/v6-m\libc_nano.a(lib_a-init.o)
 .debug_frame   0x0000120c       0x40 c:/program files (x86)/atmel/studio/7.0/toolchain/arm/arm-gnu-toolchain/bin/../lib/gcc/arm-none-eabi/6.3.1/../../../../arm-none-eabi/lib/thumb/v6-m\libc_nano.a(lib_a-malloc.o)
 .debug_frame   0x0000124c       0x28 c:/program files (x86)/atmel/studio/7.0/toolchain/arm/arm-gnu-toolchain/bin/../lib/gcc/arm-none-eabi/6.3.1/../../../../arm-none-eabi/lib/thumb/v6-m\libc_nano.a(lib_a-memcpy-stub.o)
 .debug_frame   0x00001274       0x2c c:/program files (x86)/atmel/studio/7.0/toolchain/arm/arm-gnu-toolchain/bin/../lib/gcc/arm-none-eabi/6.3.1/../../../../arm-none-eabi/lib/thumb/v6-m\libc_nano.a(lib_a-nano-mallocr.o)
 .debug_frame   0x000012a0       0x2c c:/program files (x86)/atmel/studio/7.0/toolchain/arm/arm-gnu-toolchain/bin/../lib/gcc/arm-none-eabi/6.3.1/../../../../arm-none-eabi/lib/thumb/v6-m\libc_nano.a(lib_a-sbrkr.o)
 .debug_frame   0x000012cc      0x140 c:/program files (x86)/atmel/studio/7.0/toolchain/arm/arm-gnu-toolchain/bin/../lib/gcc/arm-none-eabi/6.3.1/../../../../arm-none-eabi/lib/thumb/v6-m\libc_nano.a(lib_a-findfp.o)
 .debug_frame   0x0000140c       0x30 c:/program files (x86)/atmel/studio/7.0/toolchain/arm/arm-gnu-toolchain/bin/../lib/gcc/arm-none-eabi/6.3.1/../../../../arm-none-eabi/lib/thumb/v6-m\libc_nano.a(lib_a-mlock.o)
 .debug_frame   0x0000143c       0x48 c:/program files (x86)/atmel/studio/7.0/toolchain/arm/arm-gnu-toolchain/bin/../lib/gcc/arm-none-eabi/6.3.1/../../../../arm-none-eabi/lib/thumb/v6-m\libc_nano.a(lib_a-reent.o)
