Archive member included to satisfy reference by file (symbol)

c:/program files (x86)/atmel/studio/7.0/toolchain/arm/arm-gnu-toolchain/bin/../lib/gcc/arm-none-eabi/6.3.1/../../../../arm-none-eabi/lib/thumb/v7e-m\libc_nano.a(lib_a-exit.o)
                              c:/program files (x86)/atmel/studio/7.0/toolchain/arm/arm-gnu-toolchain/bin/../lib/gcc/arm-none-eabi/6.3.1/../../../../arm-none-eabi/lib/thumb/v7e-m/crt0.o (exit)
c:/program files (x86)/atmel/studio/7.0/toolchain/arm/arm-gnu-toolchain/bin/../lib/gcc/arm-none-eabi/6.3.1/../../../../arm-none-eabi/lib/thumb/v7e-m\libc_nano.a(lib_a-impure.o)
                              c:/program files (x86)/atmel/studio/7.0/toolchain/arm/arm-gnu-toolchain/bin/../lib/gcc/arm-none-eabi/6.3.1/../../../../arm-none-eabi/lib/thumb/v7e-m\libc_nano.a(lib_a-exit.o) (_global_impure_ptr)
c:/program files (x86)/atmel/studio/7.0/toolchain/arm/arm-gnu-toolchain/bin/../lib/gcc/arm-none-eabi/6.3.1/../../../../arm-none-eabi/lib/thumb/v7e-m\libc_nano.a(lib_a-init.o)
                              c:/program files (x86)/atmel/studio/7.0/toolchain/arm/arm-gnu-toolchain/bin/../lib/gcc/arm-none-eabi/6.3.1/../../../../arm-none-eabi/lib/thumb/v7e-m/crt0.o (__libc_init_array)
c:/program files (x86)/atmel/studio/7.0/toolchain/arm/arm-gnu-toolchain/bin/../lib/gcc/arm-none-eabi/6.3.1/../../../../arm-none-eabi/lib/thumb/v7e-m\libc_nano.a(lib_a-malloc.o)
                              main.o (malloc)
c:/program files (x86)/atmel/studio/7.0/toolchain/arm/arm-gnu-toolchain/bin/../lib/gcc/arm-none-eabi/6.3.1/../../../../arm-none-eabi/lib/thumb/v7e-m\libc_nano.a(lib_a-memset.o)
                              c:/program files (x86)/atmel/studio/7.0/toolchain/arm/arm-gnu-toolchain/bin/../lib/gcc/arm-none-eabi/6.3.1/../../../../arm-none-eabi/lib/thumb/v7e-m/crt0.o (memset)
c:/program files (x86)/atmel/studio/7.0/toolchain/arm/arm-gnu-toolchain/bin/../lib/gcc/arm-none-eabi/6.3.1/../../../../arm-none-eabi/lib/thumb/v7e-m\libc_nano.a(lib_a-nano-freer.o)
                              c:/program files (x86)/atmel/studio/7.0/toolchain/arm/arm-gnu-toolchain/bin/../lib/gcc/arm-none-eabi/6.3.1/../../../../arm-none-eabi/lib/thumb/v7e-m\libc_nano.a(lib_a-malloc.o) (_free_r)
c:/program files (x86)/atmel/studio/7.0/toolchain/arm/arm-gnu-toolchain/bin/../lib/gcc/arm-none-eabi/6.3.1/../../../../arm-none-eabi/lib/thumb/v7e-m\libc_nano.a(lib_a-nano-mallocr.o)
                              c:/program files (x86)/atmel/studio/7.0/toolchain/arm/arm-gnu-toolchain/bin/../lib/gcc/arm-none-eabi/6.3.1/../../../../arm-none-eabi/lib/thumb/v7e-m\libc_nano.a(lib_a-malloc.o) (_malloc_r)
c:/program files (x86)/atmel/studio/7.0/toolchain/arm/arm-gnu-toolchain/bin/../lib/gcc/arm-none-eabi/6.3.1/../../../../arm-none-eabi/lib/thumb/v7e-m\libc_nano.a(lib_a-printf.o)
                              hal/utils/src/utils_syscalls.o (printf)
c:/program files (x86)/atmel/studio/7.0/toolchain/arm/arm-gnu-toolchain/bin/../lib/gcc/arm-none-eabi/6.3.1/../../../../arm-none-eabi/lib/thumb/v7e-m\libc_nano.a(lib_a-sbrkr.o)
                              c:/program files (x86)/atmel/studio/7.0/toolchain/arm/arm-gnu-toolchain/bin/../lib/gcc/arm-none-eabi/6.3.1/../../../../arm-none-eabi/lib/thumb/v7e-m\libc_nano.a(lib_a-nano-mallocr.o) (_sbrk_r)
c:/program files (x86)/atmel/studio/7.0/toolchain/arm/arm-gnu-toolchain/bin/../lib/gcc/arm-none-eabi/6.3.1/../../../../arm-none-eabi/lib/thumb/v7e-m\libc_nano.a(lib_a-findfp.o)
                              c:/program files (x86)/atmel/studio/7.0/toolchain/arm/arm-gnu-toolchain/bin/../lib/gcc/arm-none-eabi/6.3.1/../../../../arm-none-eabi/lib/thumb/v7e-m\libc_nano.a(lib_a-printf.o) (__sinit)
c:/program files (x86)/atmel/studio/7.0/toolchain/arm/arm-gnu-toolchain/bin/../lib/gcc/arm-none-eabi/6.3.1/../../../../arm-none-eabi/lib/thumb/v7e-m\libc_nano.a(lib_a-fwalk.o)
                              c:/program files (x86)/atmel/studio/7.0/toolchain/arm/arm-gnu-toolchain/bin/../lib/gcc/arm-none-eabi/6.3.1/../../../../arm-none-eabi/lib/thumb/v7e-m\libc_nano.a(lib_a-findfp.o) (_fwalk)
c:/program files (x86)/atmel/studio/7.0/toolchain/arm/arm-gnu-toolchain/bin/../lib/gcc/arm-none-eabi/6.3.1/../../../../arm-none-eabi/lib/thumb/v7e-m\libc_nano.a(lib_a-mlock.o)
                              c:/program files (x86)/atmel/studio/7.0/toolchain/arm/arm-gnu-toolchain/bin/../lib/gcc/arm-none-eabi/6.3.1/../../../../arm-none-eabi/lib/thumb/v7e-m\libc_nano.a(lib_a-nano-freer.o) (__malloc_lock)
c:/program files (x86)/atmel/studio/7.0/toolchain/arm/arm-gnu-toolchain/bin/../lib/gcc/arm-none-eabi/6.3.1/../../../../arm-none-eabi/lib/thumb/v7e-m\libc_nano.a(lib_a-nano-vfprintf.o)
                              c:/program files (x86)/atmel/studio/7.0/toolchain/arm/arm-gnu-toolchain/bin/../lib/gcc/arm-none-eabi/6.3.1/../../../../arm-none-eabi/lib/thumb/v7e-m\libc_nano.a(lib_a-printf.o) (_vfprintf_r)
[...]
Memory Configuration

Name             Origin             Length             Attributes
rom              0x00400000         0x00080000         xr
ram              0x20000000         0x00028000         xrw
*default*        0x00000000         0xffffffff

Linker script and memory map

LOAD c:/program files (x86)/atmel/studio/7.0/toolchain/arm/arm-gnu-toolchain/bin/../lib/gcc/arm-none-eabi/6.3.1/thumb/v7e-m/crti.o
LOAD c:/program files (x86)/atmel/studio/7.0/toolchain/arm/arm-gnu-toolchain/bin/../lib/gcc/arm-none-eabi/6.3.1/thumb/v7e-m/crtbegin.o
LOAD c:/program files (x86)/atmel/studio/7.0/toolchain/arm/arm-gnu-toolchain/bin/../lib/gcc/arm-none-eabi/6.3.1/../../../../arm-none-eabi/lib/thumb/v7e-m/crt0.o
LOAD atmel_start.o
LOAD Device_Startup/startup_samg55j19.o
LOAD Device_Startup/system_samg55j19.o
LOAD driver_init.o
LOAD examples/driver_examples.o
LOAD hal/src/hal_atomic.o
LOAD hal/src/hal_delay.o
LOAD hal/src/hal_gpio.o
LOAD hal/src/hal_init.o
LOAD hal/src/hal_io.o
LOAD hal/src/hal_sleep.o
LOAD hal/utils/src/utils_assert.o
LOAD hal/utils/src/utils_event.o
LOAD hal/utils/src/utils_list.o
LOAD hal/utils/src/utils_syscalls.o
LOAD hpl/core/hpl_core_m4_base.o
LOAD hpl/core/hpl_init.o
LOAD hpl/mem2mem/hpl_mem2mem.o
LOAD hpl/pmc/hpl_pmc.o
LOAD hpl/pmc/hpl_sleep.o
LOAD hpl/systick/hpl_systick_ARMv7_base.o
LOAD main.o
START GROUP
LOAD c:/program files (x86)/atmel/studio/7.0/toolchain/arm/arm-gnu-toolchain/bin/../lib/gcc/arm-none-eabi/6.3.1/../../../../arm-none-eabi/lib/thumb/v7e-m\libm.a
END GROUP
START GROUP
LOAD c:/program files (x86)/atmel/studio/7.0/toolchain/arm/arm-gnu-toolchain/bin/../lib/gcc/arm-none-eabi/6.3.1/thumb/v7e-m\libgcc.a
LOAD c:/program files (x86)/atmel/studio/7.0/toolchain/arm/arm-gnu-toolchain/bin/../lib/gcc/arm-none-eabi/6.3.1/../../../../arm-none-eabi/lib/thumb/v7e-m\libc_nano.a
END GROUP
START GROUP
LOAD c:/program files (x86)/atmel/studio/7.0/toolchain/arm/arm-gnu-toolchain/bin/../lib/gcc/arm-none-eabi/6.3.1/thumb/v7e-m\libgcc.a
LOAD c:/program files (x86)/atmel/studio/7.0/toolchain/arm/arm-gnu-toolchain/bin/../lib/gcc/arm-none-eabi/6.3.1/../../../../arm-none-eabi/lib/thumb/v7e-m\libc_nano.a
END GROUP
LOAD c:/program files (x86)/atmel/studio/7.0/toolchain/arm/arm-gnu-toolchain/bin/../lib/gcc/arm-none-eabi/6.3.1/thumb/v7e-m/crtend.o
LOAD c:/program files (x86)/atmel/studio/7.0/toolchain/arm/arm-gnu-toolchain/bin/../lib/gcc/arm-none-eabi/6.3.1/thumb/v7e-m/crtn.o
                0x00000400                STACK_SIZE = DEFINED (STACK_SIZE)?STACK_SIZE:DEFINED (__stack_size__)?__stack_size__:0x400
                0x00000200                HEAP_SIZE = DEFINED (HEAP_SIZE)?HEAP_SIZE:DEFINED (__heap_size__)?__heap_size__:0x200

.text           0x00400000    0x28014
                0x00400000                . = ALIGN (0x4)
                0x00400000                _sfixed = .
 *(.vectors .vectors.*)
 .vectors       0x00400000      0x108 Device_Startup/startup_samg55j19.o
                0x00400000                exception_table
 *(.text .text.* .gnu.linkonce.t.*)
 .text          0x00400108       0x6c c:/program files (x86)/atmel/studio/7.0/toolchain/arm/arm-gnu-toolchain/bin/../lib/gcc/arm-none-eabi/6.3.1/thumb/v7e-m/crtbegin.o
 .text.Dummy_Handler
                0x00400174        0x2 Device_Startup/startup_samg55j19.o
                0x00400174                FLEXCOM1_Handler
                0x00400174                SVCall_Handler
                0x00400174                HardFault_Handler
                0x00400174                TC2_Handler
                0x00400174                FLEXCOM4_Handler
                0x00400174                SysTick_Handler
                0x00400174                PendSV_Handler
                0x00400174                ADC_Handler
                0x00400174                NonMaskableInt_Handler
                0x00400174                CRCCU_Handler
                0x00400174                RTT_Handler
                0x00400174                FLEXCOM6_Handler
                0x00400174                PIOB_Handler
                0x00400174                RTC_Handler
                0x00400174                UsageFault_Handler
                0x00400174                FLEXCOM0_Handler
                0x00400174                PDMIC1_Handler
                0x00400174                WDT_Handler
                0x00400174                TC4_Handler
                0x00400174                TC1_Handler
                0x00400174                TC3_Handler
                0x00400174                Dummy_Handler
                0x00400174                PIOA_Handler
                0x00400174                MEM2MEM_Handler
                0x00400174                PMC_Handler
                0x00400174                PDMIC0_Handler
                0x00400174                SUPC_Handler
                0x00400174                UHP_Handler
                0x00400174                EFC_Handler
                0x00400174                FLEXCOM7_Handler
                0x00400174                I2SC0_Handler
                0x00400174                I2SC1_Handler
                0x00400174                FLEXCOM2_Handler
                0x00400174                UDP_Handler
                0x00400174                FLEXCOM3_Handler
                0x00400174                BusFault_Handler
                0x00400174                RSTC_Handler
                0x00400174                TC0_Handler
                0x00400174                MemoryManagement_Handler
                0x00400174                FLEXCOM5_Handler
                0x00400174                DebugMonitor_Handler
                0x00400174                TC5_Handler
 *fill*         0x00400176        0x2 
 .text.Reset_Handler
                0x00400178       0x84 Device_Startup/startup_samg55j19.o
                0x00400178                Reset_Handler
 .text.delay_driver_init
                0x004001fc       0x14 driver_init.o
                0x004001fc                delay_driver_init
 .text.system_init
                0x00400210       0xcc driver_init.o
                0x00400210                system_init
 .text.atomic_enter_critical
                0x004002dc        0xe hal/src/hal_atomic.o
                0x004002dc                atomic_enter_critical
 .text.atomic_leave_critical
                0x004002ea        0xc hal/src/hal_atomic.o
                0x004002ea                atomic_leave_critical
 *fill*         0x004002f6        0x2 
 .text.delay_init
                0x004002f8       0x14 hal/src/hal_delay.o
                0x004002f8                delay_init
 .text.delay_ms
                0x0040030c       0x20 hal/src/hal_delay.o
                0x0040030c                delay_ms
 .text._sbrk    0x0040032c       0x24 hal/utils/src/utils_syscalls.o
                0x0040032c                _sbrk
 .text._get_cycles_for_ms
                0x00400350        0xa hpl/core/hpl_core_m4_base.o
                0x00400350                _get_cycles_for_ms
 *fill*         0x0040035a        0x2 
 .text._init_chip
                0x0040035c       0x50 hpl/core/hpl_init.o
                0x0040035c                _init_chip
 .text._pmc_init
                0x004003ac       0x74 hpl/pmc/hpl_pmc.o
                0x004003ac                _pmc_init
 .text._delay_init
                0x00400420       0x14 hpl/systick/hpl_systick_ARMv7_base.o
                0x00400420                _delay_init
 .text._delay_cycles
                0x00400434       0x5c hpl/systick/hpl_systick_ARMv7_base.o
                0x00400434                _delay_cycles
 .text.eink_ite_wait_for_hrdy
                0x00400490       0x10 main.o
 .text.gfx_eink_set_pixel
                0x004004a0       0x10 main.o
 .text.gfx_eink_set_pixel_raw
                0x004004b0       0x10 main.o
 .text.eink_ed029tc1_graphics_load_mono_image
                0x004004c0       0xb4 main.o
                0x004004c0                eink_ed029tc1_graphics_load_mono_image
 .text.eink_el026tr1_graphics_load_mono_image
                0x00400574       0x28 main.o
                0x00400574                eink_el026tr1_graphics_load_mono_image
 .text.eink_hink_e0154a05_graphics_load_mono_image
                0x0040059c       0xb4 main.o
                0x0040059c                eink_hink_e0154a05_graphics_load_mono_image
 .text.eink_ac057tc1_graphics_load_mono_image
                0x00400650       0xb8 main.o
                0x00400650                eink_ac057tc1_graphics_load_mono_image
 .text.eink_ed057tc2_graphics_load_mono_image
                0x00400708       0xb8 main.o
                0x00400708                eink_ed057tc2_graphics_load_mono_image
 .text.eink_ed028tc1_graphics_load_mono_image
                0x004007c0       0xb0 main.o
                0x004007c0                eink_ed028tc1_graphics_load_mono_image
 .text.eink_ed037tc1_graphics_load_mono_image
                0x00400870       0xb4 main.o
                0x00400870                eink_ed037tc1_graphics_load_mono_image
 .text.it8951_wait_for_hrdy
                0x00400924        0x2 main.o
 *fill*         0x00400926        0x2 
 .text.eink_interface_init
                0x00400928       0x58 main.o
 .text.eink_ed037tc1_set_pixel
                0x00400980       0xd0 main.o
                0x00400980                eink_ed037tc1_set_pixel
 .text.eink_ed028tc1_set_pixel_raw
                0x00400a50      0x11c main.o
                0x00400a50                eink_ed028tc1_set_pixel_raw
 .text.eink_ed028tc1_set_pixel
                0x00400b6c       0x18 main.o
                0x00400b6c                eink_ed028tc1_set_pixel
 .text.eink_ed028tc1_graphics_load_4bgrey_image
                0x00400b84       0x8c main.o
                0x00400b84                eink_ed028tc1_graphics_load_4bgrey_image
 .text.eink_ed057tc2_set_pixel
                0x00400c10       0xd8 main.o
                0x00400c10                eink_ed057tc2_set_pixel
 .text.eink_ac057tc1_set_pixel
                0x00400ce8      0x304 main.o
                0x00400ce8                eink_ac057tc1_set_pixel
 .text.eink_hink_e0154a05_set_pixel
                0x00400fec       0xac main.o
                0x00400fec                eink_hink_e0154a05_set_pixel
 .text.eink_ed029tc1_set_pixel
                0x00401098       0xe8 main.o
                0x00401098                eink_ed029tc1_set_pixel
 .text.eink_el026tr1_set_pixel
                0x00401180        0xc main.o
                0x00401180                eink_el026tr1_set_pixel
 .text.eink_send_raw_byte
                0x0040118c       0x48 main.o
                0x0040118c                eink_send_raw_byte
 .text.eink_write_data
                0x004011d4       0x3c main.o
                0x004011d4                eink_write_data
 .text.eink_ed029tc1_refresh_display_buffer
                0x00401210       0x3c main.o
 .text.eink_ed029tc1_put_display_buffer
                0x0040124c       0xa8 main.o
                0x0040124c                eink_ed029tc1_put_display_buffer
 .text.eink_el026tr1_refresh_display_buffer
                0x004012f4       0x3c main.o
 .text.eink_el026tr1_put_display_buffer
                0x00401330       0x8c main.o
                0x00401330                eink_el026tr1_put_display_buffer
 .text.eink_hink_e0154a05_refresh_display_buffer
                0x004013bc       0x64 main.o
 .text.eink_ac057tc1_refresh_display_buffer
                0x00401420       0x48 main.o
 .text.eink_ac057tc1_put_display_buffer
                0x00401468       0x70 main.o
                0x00401468                eink_ac057tc1_put_display_buffer
 .text.eink_ed057tc2_refresh_display_buffer
                0x004014d8       0x3c main.o
 .text.eink_ed057tc2_put_display_buffer
                0x00401514       0x6c main.o
                0x00401514                eink_ed057tc2_put_display_buffer
 .text.eink_ed028tc1_refresh_display_buffer
                0x00401580       0x70 main.o
 .text.eink_ed037tc1_refresh_display_buffer
                0x004015f0       0x48 main.o
 .text.eink_ed037tc1_put_display_buffer
                0x00401638       0x84 main.o
                0x00401638                eink_ed037tc1_put_display_buffer
 .text.eink_ed037tc1_put_partial_display_buffer
                0x004016bc      0x10c main.o
                0x004016bc                eink_ed037tc1_put_partial_display_buffer
 .text.eink_hink_e0154a05_put_display_buffer
                0x004017c8       0xd0 main.o
                0x004017c8                eink_hink_e0154a05_put_display_buffer
 .text.eink_ed028tc1_put_display_buffer
                0x00401898       0xf0 main.o
                0x00401898                eink_ed028tc1_put_display_buffer
 .text._eink_ite_write_data
                0x00401988       0x4c main.o
                0x00401988                _eink_ite_write_data
 .text.eink_ite_write_data
                0x004019d4       0x10 main.o
                0x004019d4                eink_ite_write_data
 .text.eink_it8951_refresh_partial_display
                0x004019e4       0xc8 main.o
 .text.eink_it8951_refresh_display_mode
                0x00401aac       0x5c main.o
 .text.eink_it8951_put_partial_display_buffer
                0x00401b08      0x13c main.o
                0x00401b08                eink_it8951_put_partial_display_buffer
 .text.eink_it8951_refresh_display
                0x00401c44       0x5c main.o
 .text.eink_ite_write_data_fast
                0x00401ca0       0x10 main.o
                0x00401ca0                eink_ite_write_data_fast
 .text.eink_it8951_put_display_buffer
                0x00401cb0       0xe4 main.o
                0x00401cb0                eink_it8951_put_display_buffer
 .text.eink_ite_set_bit
                0x00401d94       0x1c main.o
                0x00401d94                eink_ite_set_bit
 .text.eink_it8951_set_pixel_raw
                0x00401db0       0xd4 main.o
                0x00401db0                eink_it8951_set_pixel_raw
 .text.eink_it8951_graphics_load_4bgrey_image
                0x00401e84      0x104 main.o
                0x00401e84                eink_it8951_graphics_load_4bgrey_image
 .text.ssd1677_init
                0x00401f88       0x5c main.o
                0x00401f88                ssd1677_init
 .text.ssd1677_set_config
                0x00401fe4      0x194 main.o
                0x00401fe4                ssd1677_set_config
 .text.eink_ed037tc1_init
                0x00402178       0x70 main.o
                0x00402178                eink_ed037tc1_init
 .text.gfx_eink_graphics_fill_screen
                0x004021e8      0x18c main.o
                0x004021e8                gfx_eink_graphics_fill_screen
 .text._gfx_eink_graphics_draw_line
                0x00402374      0x14c main.o
                0x00402374                _gfx_eink_graphics_draw_line
 .text.gfx_eink_graphics_draw_line
                0x004024c0       0x1c main.o
                0x004024c0                gfx_eink_graphics_draw_line
 .text.main     0x004024dc      0x10c main.o
                0x004024dc                main
 .text.__libc_init_array
                0x004025e8       0x48 c:/program files (x86)/atmel/studio/7.0/toolchain/arm/arm-gnu-toolchain/bin/../lib/gcc/arm-none-eabi/6.3.1/../../../../arm-none-eabi/lib/thumb/v7e-m\libc_nano.a(lib_a-init.o)
                0x004025e8                __libc_init_array
 .text.malloc   0x00402630       0x10 c:/program files (x86)/atmel/studio/7.0/toolchain/arm/arm-gnu-toolchain/bin/../lib/gcc/arm-none-eabi/6.3.1/../../../../arm-none-eabi/lib/thumb/v7e-m\libc_nano.a(lib_a-malloc.o)
                0x00402630                malloc
 .text._malloc_r
                0x00402640       0xbc c:/program files (x86)/atmel/studio/7.0/toolchain/arm/arm-gnu-toolchain/bin/../lib/gcc/arm-none-eabi/6.3.1/../../../../arm-none-eabi/lib/thumb/v7e-m\libc_nano.a(lib_a-nano-mallocr.o)
                0x00402640                _malloc_r
 .text._sbrk_r  0x004026fc       0x20 c:/program files (x86)/atmel/studio/7.0/toolchain/arm/arm-gnu-toolchain/bin/../lib/gcc/arm-none-eabi/6.3.1/../../../../arm-none-eabi/lib/thumb/v7e-m\libc_nano.a(lib_a-sbrkr.o)
                0x004026fc                _sbrk_r
 .text.__malloc_lock
                0x0040271c        0x2 c:/program files (x86)/atmel/studio/7.0/toolchain/arm/arm-gnu-toolchain/bin/../lib/gcc/arm-none-eabi/6.3.1/../../../../arm-none-eabi/lib/thumb/v7e-m\libc_nano.a(lib_a-mlock.o)
                0x0040271c                __malloc_lock
 .text.__malloc_unlock
                0x0040271e        0x2 c:/program files (x86)/atmel/studio/7.0/toolchain/arm/arm-gnu-toolchain/bin/../lib/gcc/arm-none-eabi/6.3.1/../../../../arm-none-eabi/lib/thumb/v7e-m\libc_nano.a(lib_a-mlock.o)
                0x0040271e                __malloc_unlock
 *(.glue_7t)
 .glue_7t       0x00402720        0x0 linker stubs
 *(.glue_7)
 .glue_7        0x00402720        0x0 linker stubs
 *(.rodata .rodata* .gnu.linkonce.r.*)
 .rodata        0x00402720    0x25874 main.o
                0x004027f8                SSD1608_A45_IU_LUT
                0x00402818                SSD1608_A05_IU_LUT
                0x004033fc                eink_IneltekLogo
                0x00403d3c                eink_ShippingBarcode
                0x004047ac                eink_Kanban3
                0x004053a0                eink_Kanban2
                0x004056f0                eink_Kanban1
                0x00405cf4                RobotoMedium_14pt_CharCount
                0x00405d54                RobotoMedium_14pt_Table
                0x00406858                RobotoLight_24pt_CharCount
                0x004068b8                RobotoLight_24pt_Table
                0x004086d4                RobotoBold_18pt_CharCount
                0x00408734                RobotoBold_18pt_Table
                0x004099d4                Roboto_8pt_CharCount
                0x00409a34                Roboto_8pt_Table
                0x00409e70                IBMPlexSans_18pt_CharCount
                0x00409ed0                IBMPlexSans_18pt_Table
                0x0040b1d8                ArvoBold_40pt_CharCount
                0x0040b238                ArvoBold_40pt_Table
                0x00410de8                ArvoBold_32pt_CharCount
                0x00410e48                ArvoBold_32pt_Table
                0x00414f40                ArvoBold_28pt_CharCount
                0x00414fa0                ArvoBold_28pt_Table
                0x00417fa0                ArvoBold_24pt_CharCount
                0x00418000                ArvoBold_24pt_Table
                0x0041a27c                ArvoBold_22pt_CharCount
                0x0041a2dc                ArvoBold_22pt_Table
                0x0041c218                ArvoBold_18pt_CharCount
                0x0041c278                ArvoBold_18pt_Table
                0x0041d708                Arvo_28pt_CharCount
                0x0041d768                Arvo_28pt_Table
                0x004205b8                Arvo_24pt_CharCount
                0x00420618                Arvo_24pt_Table
                0x00422770                Arvo_22pt_CharCount
                0x004227d0                Arvo_22pt_Table
                0x00424608                Arvo_18pt_CharCount
                0x00424668                Arvo_18pt_Table
                0x00425a78                Arvo_14pt_CharCount
                0x00425ad8                Arvo_14pt_Table
                0x004266cc                Arvo_10pt_CharCount
                0x0042672c                Arvo_10pt_Table
                0x00426ca4                Arvo_8pt_CharCount
                0x00426d04                Arvo_8pt_Table
                0x004271a0                Anton_16pt_CharCount
                0x00427200                Anton_16pt_Table
 .rodata.__sf_fake_stderr
                0x00427f94       0x20 c:/program files (x86)/atmel/studio/7.0/toolchain/arm/arm-gnu-toolchain/bin/../lib/gcc/arm-none-eabi/6.3.1/../../../../arm-none-eabi/lib/thumb/v7e-m\libc_nano.a(lib_a-findfp.o)
                0x00427f94                __sf_fake_stderr
 .rodata.__sf_fake_stdin
                0x00427fb4       0x20 c:/program files (x86)/atmel/studio/7.0/toolchain/arm/arm-gnu-toolchain/bin/../lib/gcc/arm-none-eabi/6.3.1/../../../../arm-none-eabi/lib/thumb/v7e-m\libc_nano.a(lib_a-findfp.o)
                0x00427fb4                __sf_fake_stdin
 .rodata.__sf_fake_stdout
                0x00427fd4       0x20 c:/program files (x86)/atmel/studio/7.0/toolchain/arm/arm-gnu-toolchain/bin/../lib/gcc/arm-none-eabi/6.3.1/../../../../arm-none-eabi/lib/thumb/v7e-m\libc_nano.a(lib_a-findfp.o)
                0x00427fd4                __sf_fake_stdout
 *(.ARM.extab* .gnu.linkonce.armextab.*)
                0x00427ff4                . = ALIGN (0x4)
 *(.init)
 .init          0x00427ff4        0x4 c:/program files (x86)/atmel/studio/7.0/toolchain/arm/arm-gnu-toolchain/bin/../lib/gcc/arm-none-eabi/6.3.1/thumb/v7e-m/crti.o
                0x00427ff4                _init
 .init          0x00427ff8        0x8 c:/program files (x86)/atmel/studio/7.0/toolchain/arm/arm-gnu-toolchain/bin/../lib/gcc/arm-none-eabi/6.3.1/thumb/v7e-m/crtn.o
                0x00428000                . = ALIGN (0x4)
                0x00428000                __preinit_array_start = .
 *(.preinit_array)
                0x00428000                __preinit_array_end = .
                0x00428000                . = ALIGN (0x4)
                0x00428000                __init_array_start = .
 *(SORT(.init_array.*))
 *(.init_array)
 .init_array    0x00428000        0x4 c:/program files (x86)/atmel/studio/7.0/toolchain/arm/arm-gnu-toolchain/bin/../lib/gcc/arm-none-eabi/6.3.1/thumb/v7e-m/crtbegin.o
                0x00428004                __init_array_end = .
                0x00428004                . = ALIGN (0x4)
 *crtbegin.o(.ctors)
 *(EXCLUDE_FILE(*crtend.o) .ctors)
 *(SORT(.ctors.*))
 *crtend.o(.ctors)
                0x00428004                . = ALIGN (0x4)
 *(.fini)
 .fini          0x00428004        0x4 c:/program files (x86)/atmel/studio/7.0/toolchain/arm/arm-gnu-toolchain/bin/../lib/gcc/arm-none-eabi/6.3.1/thumb/v7e-m/crti.o
                0x00428004                _fini
 .fini          0x00428008        0x8 c:/program files (x86)/atmel/studio/7.0/toolchain/arm/arm-gnu-toolchain/bin/../lib/gcc/arm-none-eabi/6.3.1/thumb/v7e-m/crtn.o
                0x00428010                . = ALIGN (0x4)
                0x00428010                __fini_array_start = .
 *(.fini_array)
 .fini_array    0x00428010        0x4 c:/program files (x86)/atmel/studio/7.0/toolchain/arm/arm-gnu-toolchain/bin/../lib/gcc/arm-none-eabi/6.3.1/thumb/v7e-m/crtbegin.o
 *(SORT(.fini_array.*))
                0x00428014                __fini_array_end = .
 *crtbegin.o(.dtors)
 *(EXCLUDE_FILE(*crtend.o) .dtors)
 *(SORT(.dtors.*))
 *crtend.o(.dtors)
                0x00428014                . = ALIGN (0x4)
                0x00428014                _efixed = .
                [!provide]                PROVIDE (__exidx_start, .)

.vfp11_veneer   0x00428014        0x0
 .vfp11_veneer  0x00428014        0x0 linker stubs

.v4_bx          0x00428014        0x0
 .v4_bx         0x00428014        0x0 linker stubs

.iplt           0x00428014        0x0
 .iplt          0x00428014        0x0 c:/program files (x86)/atmel/studio/7.0/toolchain/arm/arm-gnu-toolchain/bin/../lib/gcc/arm-none-eabi/6.3.1/thumb/v7e-m/crtbegin.o

.eh_frame       0x00428014        0x0
 .eh_frame      0x00428014        0x0 c:/program files (x86)/atmel/studio/7.0/toolchain/arm/arm-gnu-toolchain/bin/../lib/gcc/arm-none-eabi/6.3.1/thumb/v7e-m/crtbegin.o

.rel.dyn        0x00428014        0x0
 .rel.iplt      0x00428014        0x0 c:/program files (x86)/atmel/studio/7.0/toolchain/arm/arm-gnu-toolchain/bin/../lib/gcc/arm-none-eabi/6.3.1/thumb/v7e-m/crtbegin.o

.jcr            0x00428014        0x0
 .jcr           0x00428014        0x0 c:/program files (x86)/atmel/studio/7.0/toolchain/arm/arm-gnu-toolchain/bin/../lib/gcc/arm-none-eabi/6.3.1/thumb/v7e-m/crtbegin.o

.igot.plt       0x00428014        0x0
 .igot.plt      0x00428014        0x0 c:/program files (x86)/atmel/studio/7.0/toolchain/arm/arm-gnu-toolchain/bin/../lib/gcc/arm-none-eabi/6.3.1/thumb/v7e-m/crtbegin.o

.ARM.exidx
 *(.ARM.exidx* .gnu.linkonce.armexidx.*)
                [!provide]                PROVIDE (__exidx_end, .)
                0x00428014                . = ALIGN (0x4)
                0x00428014                _etext = .

.relocate       0x20000000      0x3b4 load address 0x00428014
                0x20000000                . = ALIGN (0x4)
                0x20000000                _srelocate = .
 *(.ramfunc .ramfunc.*)
 *(.data .data.*)
 .data          0x20000000      0x350 main.o
                0x20000000                eink_gfx_ed029tc1_config
                0x2000003c                eink_gfx_el026tr1_config
                0x20000078                eink_gfx_hink_e0154a05_config
                0x200000b4                eink_gfx_hink_e0154a45_config
                0x200000f0                eink_gfx_ac057tc1_config
                0x2000012c                eink_gfx_ed057tc2_config
                0x20000168                eink_gfx_ed028tc1_config
                0x200001a4                eink_gfx_ed037tc1_config
                0x200001e0                eink_ite_it8951_config
                0x200001e4                eink_gfx_it8951_config
                0x20000220                ArvoBold_28pt
                0x20000230                RobotoMedium_14pt
                0x20000240                RobotoLight_24pt
                0x20000250                RobotoBold_18pt
                0x20000260                Roboto_8pt
                0x20000270                IBMPlexSans_18pt
                0x20000280                ArvoBold_40pt
                0x20000290                ArvoBold_32pt
                0x200002a0                ArvoBold_24pt
                0x200002b0                ArvoBold_22pt
                0x200002c0                ArvoBold_18pt
                0x200002d0                Arvo_28pt
                0x200002e0                Arvo_24pt
                0x200002f0                Arvo_22pt
                0x20000300                Arvo_18pt
                0x20000310                Arvo_14pt
                0x20000320                Arvo_10pt
                0x20000330                Arvo_8pt
                0x20000340                Anton_16pt
 .data._impure_ptr
                0x20000350        0x4 c:/program files (x86)/atmel/studio/7.0/toolchain/arm/arm-gnu-toolchain/bin/../lib/gcc/arm-none-eabi/6.3.1/../../../../arm-none-eabi/lib/thumb/v7e-m\libc_nano.a(lib_a-impure.o)
                0x20000350                _impure_ptr
 .data.impure_data
                0x20000354       0x60 c:/program files (x86)/atmel/studio/7.0/toolchain/arm/arm-gnu-toolchain/bin/../lib/gcc/arm-none-eabi/6.3.1/../../../../arm-none-eabi/lib/thumb/v7e-m\libc_nano.a(lib_a-impure.o)
                0x200003b4                . = ALIGN (0x4)
                0x200003b4                _erelocate = .

.bss            0x200003b4       0xc8 load address 0x004283c8
                0x200003b4                . = ALIGN (0x4)
                0x200003b4                _sbss = .
                0x200003b4                _szero = .
 *(.bss .bss.*)
 .bss           0x200003b4       0x1c c:/program files (x86)/atmel/studio/7.0/toolchain/arm/arm-gnu-toolchain/bin/../lib/gcc/arm-none-eabi/6.3.1/thumb/v7e-m/crtbegin.o
 .bss           0x200003d0        0x4 hal/src/hal_delay.o
 .bss           0x200003d4        0x4 hal/utils/src/utils_syscalls.o
 .bss.__malloc_free_list
                0x200003d8        0x4 c:/program files (x86)/atmel/studio/7.0/toolchain/arm/arm-gnu-toolchain/bin/../lib/gcc/arm-none-eabi/6.3.1/../../../../arm-none-eabi/lib/thumb/v7e-m\libc_nano.a(lib_a-nano-mallocr.o)
                0x200003d8                __malloc_free_list
 .bss.__malloc_sbrk_start
                0x200003dc        0x4 c:/program files (x86)/atmel/studio/7.0/toolchain/arm/arm-gnu-toolchain/bin/../lib/gcc/arm-none-eabi/6.3.1/../../../../arm-none-eabi/lib/thumb/v7e-m\libc_nano.a(lib_a-nano-mallocr.o)
                0x200003dc                __malloc_sbrk_start
 *(COMMON)
 COMMON         0x200003e0       0x98 main.o
                0x200003e0                ed028tc1_dtm1_display_buffer
                0x200003e4                el026tr1_dtm2_display_buffer
                0x200003e8                ptr_eink_ite_config
                0x200003ec                ed029tc1_dtm2_display_buffer
                0x200003f0                it8951_dtm_display_buffer
                0x200003f4                ed057tc2_dtm1_display_buffer
                0x200003f8                ed029tc1_dtm1_display_buffer
                0x200003fc                uc8177_global_instance
                0x20000404                ssd1608_global_instance
                0x2000040c                it8951_global_instance
                0x20000444                uc8151_global_instance
                0x20000454                uc8159_global_instance
                0x2000045c                ssd1677_global_instance
                0x20000464                ac057tc1_dtm1_display_buffer
                0x20000468                hink_e0154a05_display_buffer
                0x2000046c                el026tr1_dtm1_display_buffer
                0x20000470                ed037tc1_dtm1_display_buffer
                0x20000474                ptr_eink_gfx_config
 COMMON         0x20000478        0x4 c:/program files (x86)/atmel/studio/7.0/toolchain/arm/arm-gnu-toolchain/bin/../lib/gcc/arm-none-eabi/6.3.1/../../../../arm-none-eabi/lib/thumb/v7e-m\libc_nano.a(lib_a-reent.o)
                0x20000478                errno
                0x2000047c                . = ALIGN (0x4)
                0x2000047c                _ebss = .
                0x2000047c                _ezero = .

.heap           0x2000047c      0x204 load address 0x00428490
                0x20000480                . = ALIGN (0x8)
 *fill*         0x2000047c        0x4 
                0x20000480                _sheap = .
                0x20000680                . = (. + HEAP_SIZE)
 *fill*         0x20000480      0x200 
                0x20000680                . = ALIGN (0x8)
                0x20000680                _eheap = .

.stack          0x20000680      0x400 load address 0x00428694
                0x20000680                . = ALIGN (0x8)
                0x20000680                _sstack = .
                0x20000a80                . = (. + STACK_SIZE)
 *fill*         0x20000680      0x400 
                0x20000a80                . = ALIGN (0x8)
                0x20000a80                _estack = .
                0x20000a80                . = ALIGN (0x4)
                0x20000a80                _end = .
                0x20027fff                _ram_end_ = ((ORIGIN (ram) + LENGTH (ram)) - 0x1)
OUTPUT(samg55_ed037tc1__4_1_6.elf elf32-littlearm)

.ARM.attributes
                0x00000000       0x2e
 .ARM.attributes
                0x00000000       0x1e c:/program files (x86)/atmel/studio/7.0/toolchain/arm/arm-gnu-toolchain/bin/../lib/gcc/arm-none-eabi/6.3.1/thumb/v7e-m/crti.o
 .ARM.attributes
                0x0000001e       0x2e c:/program files (x86)/atmel/studio/7.0/toolchain/arm/arm-gnu-toolchain/bin/../lib/gcc/arm-none-eabi/6.3.1/thumb/v7e-m/crtbegin.o
 .ARM.attributes
                0x0000004c       0x37 Device_Startup/startup_samg55j19.o
 .ARM.attributes
                0x00000083       0x37 driver_init.o
 .ARM.attributes
                0x000000ba       0x37 hal/src/hal_atomic.o
 .ARM.attributes
                0x000000f1       0x37 hal/src/hal_delay.o
 .ARM.attributes
                0x00000128       0x37 hal/utils/src/utils_syscalls.o
 .ARM.attributes
                0x0000015f       0x37 hpl/core/hpl_core_m4_base.o
 .ARM.attributes
                0x00000196       0x37 hpl/core/hpl_init.o
 .ARM.attributes
                0x000001cd       0x37 hpl/pmc/hpl_pmc.o
 .ARM.attributes
                0x00000204       0x37 hpl/systick/hpl_systick_ARMv7_base.o
 .ARM.attributes
                0x0000023b       0x37 main.o
 .ARM.attributes
                0x00000272       0x2e c:/program files (x86)/atmel/studio/7.0/toolchain/arm/arm-gnu-toolchain/bin/../lib/gcc/arm-none-eabi/6.3.1/../../../../arm-none-eabi/lib/thumb/v7e-m\libc_nano.a(lib_a-impure.o)
 .ARM.attributes
                0x000002a0       0x2e c:/program files (x86)/atmel/studio/7.0/toolchain/arm/arm-gnu-toolchain/bin/../lib/gcc/arm-none-eabi/6.3.1/../../../../arm-none-eabi/lib/thumb/v7e-m\libc_nano.a(lib_a-init.o)
 .ARM.attributes
                0x000002ce       0x2e c:/program files (x86)/atmel/studio/7.0/toolchain/arm/arm-gnu-toolchain/bin/../lib/gcc/arm-none-eabi/6.3.1/../../../../arm-none-eabi/lib/thumb/v7e-m\libc_nano.a(lib_a-malloc.o)
 .ARM.attributes
                0x000002fc       0x2e c:/program files (x86)/atmel/studio/7.0/toolchain/arm/arm-gnu-toolchain/bin/../lib/gcc/arm-none-eabi/6.3.1/../../../../arm-none-eabi/lib/thumb/v7e-m\libc_nano.a(lib_a-nano-mallocr.o)
 .ARM.attributes
                0x0000032a       0x2e c:/program files (x86)/atmel/studio/7.0/toolchain/arm/arm-gnu-toolchain/bin/../lib/gcc/arm-none-eabi/6.3.1/../../../../arm-none-eabi/lib/thumb/v7e-m\libc_nano.a(lib_a-sbrkr.o)
 .ARM.attributes
                0x00000358       0x2e c:/program files (x86)/atmel/studio/7.0/toolchain/arm/arm-gnu-toolchain/bin/../lib/gcc/arm-none-eabi/6.3.1/../../../../arm-none-eabi/lib/thumb/v7e-m\libc_nano.a(lib_a-findfp.o)
 .ARM.attributes
                0x00000386       0x2e c:/program files (x86)/atmel/studio/7.0/toolchain/arm/arm-gnu-toolchain/bin/../lib/gcc/arm-none-eabi/6.3.1/../../../../arm-none-eabi/lib/thumb/v7e-m\libc_nano.a(lib_a-mlock.o)
 .ARM.attributes
                0x000003b4       0x2e c:/program files (x86)/atmel/studio/7.0/toolchain/arm/arm-gnu-toolchain/bin/../lib/gcc/arm-none-eabi/6.3.1/../../../../arm-none-eabi/lib/thumb/v7e-m\libc_nano.a(lib_a-reent.o)
 .ARM.attributes
                0x000003e2       0x1e c:/program files (x86)/atmel/studio/7.0/toolchain/arm/arm-gnu-toolchain/bin/../lib/gcc/arm-none-eabi/6.3.1/thumb/v7e-m/crtn.o

.comment        0x00000000       0x59
 .comment       0x00000000       0x59 Device_Startup/startup_samg55j19.o
                                 0x5a (size before relaxing)
 .comment       0x00000059       0x5a driver_init.o
 .comment       0x00000059       0x5a hal/src/hal_atomic.o
 .comment       0x00000059       0x5a hal/src/hal_delay.o
 .comment       0x00000059       0x5a hal/utils/src/utils_syscalls.o
 .comment       0x00000059       0x5a hpl/core/hpl_core_m4_base.o
 .comment       0x00000059       0x5a hpl/core/hpl_init.o
 .comment       0x00000059       0x5a hpl/pmc/hpl_pmc.o
 .comment       0x00000059       0x5a hpl/systick/hpl_systick_ARMv7_base.o
 .comment       0x00000059       0x5a main.o

.debug_info     0x00000000    0x110c2
 .debug_info    0x00000000      0x78e Device_Startup/startup_samg55j19.o
 .debug_info    0x0000078e     0x25c3 driver_init.o
 .debug_info    0x00002d51      0x1ed hal/src/hal_atomic.o
 .debug_info    0x00002f3e      0x1f8 hal/src/hal_delay.o
 .debug_info    0x00003136      0xdca hal/utils/src/utils_syscalls.o
 .debug_info    0x00003f00      0xa3a hpl/core/hpl_core_m4_base.o
 .debug_info    0x0000493a      0x4b1 hpl/core/hpl_init.o
 .debug_info    0x00004deb      0x7e5 hpl/pmc/hpl_pmc.o
 .debug_info    0x000055d0      0x292 hpl/systick/hpl_systick_ARMv7_base.o
 .debug_info    0x00005862     0xb860 main.o

.debug_abbrev   0x00000000     0x168b
 .debug_abbrev  0x00000000      0x153 Device_Startup/startup_samg55j19.o
 .debug_abbrev  0x00000153      0x274 driver_init.o
 .debug_abbrev  0x000003c7      0x144 hal/src/hal_atomic.o
 .debug_abbrev  0x0000050b       0xe8 hal/src/hal_delay.o
 .debug_abbrev  0x000005f3      0x269 hal/utils/src/utils_syscalls.o
 .debug_abbrev  0x0000085c      0x2a4 hpl/core/hpl_core_m4_base.o
 .debug_abbrev  0x00000b00      0x1d4 hpl/core/hpl_init.o
 .debug_abbrev  0x00000cd4      0x1d5 hpl/pmc/hpl_pmc.o
 .debug_abbrev  0x00000ea9      0x185 hpl/systick/hpl_systick_ARMv7_base.o
 .debug_abbrev  0x0000102e      0x65d main.o

.debug_loc      0x00000000     0x8b1f
 .debug_loc     0x00000000       0x6b Device_Startup/startup_samg55j19.o
 .debug_loc     0x0000006b      0xb89 driver_init.o
 .debug_loc     0x00000bf4       0x13 hal/src/hal_atomic.o
 .debug_loc     0x00000c07       0xc3 hal/src/hal_delay.o
 .debug_loc     0x00000cca      0x13b hal/utils/src/utils_syscalls.o
 .debug_loc     0x00000e05      0x1fb hpl/core/hpl_core_m4_base.o
 .debug_loc     0x00001000       0x77 hpl/core/hpl_init.o
 .debug_loc     0x00001077      0x19d hpl/pmc/hpl_pmc.o
 .debug_loc     0x00001214      0x160 hpl/systick/hpl_systick_ARMv7_base.o
 .debug_loc     0x00001374     0x77ab main.o

.debug_aranges  0x00000000      0x508
 .debug_aranges
                0x00000000       0x28 Device_Startup/startup_samg55j19.o
 .debug_aranges
                0x00000028       0x28 driver_init.o
 .debug_aranges
                0x00000050       0x30 hal/src/hal_atomic.o
 .debug_aranges
                0x00000080       0x38 hal/src/hal_delay.o
 .debug_aranges
                0x000000b8       0x60 hal/utils/src/utils_syscalls.o
 .debug_aranges
                0x00000118       0x70 hpl/core/hpl_core_m4_base.o
 .debug_aranges
                0x00000188       0x20 hpl/core/hpl_init.o
 .debug_aranges
                0x000001a8       0x20 hpl/pmc/hpl_pmc.o
 .debug_aranges
                0x000001c8       0x48 hpl/systick/hpl_systick_ARMv7_base.o
 .debug_aranges
                0x00000210      0x2f8 main.o

.debug_ranges   0x00000000      0x570
 .debug_ranges  0x00000000       0x18 Device_Startup/startup_samg55j19.o
 .debug_ranges  0x00000018       0x18 driver_init.o
 .debug_ranges  0x00000030       0x20 hal/src/hal_atomic.o
 .debug_ranges  0x00000050       0x28 hal/src/hal_delay.o
 .debug_ranges  0x00000078       0x50 hal/utils/src/utils_syscalls.o
 .debug_ranges  0x000000c8       0x60 hpl/core/hpl_core_m4_base.o
 .debug_ranges  0x00000128       0x10 hpl/core/hpl_init.o
 .debug_ranges  0x00000138       0x10 hpl/pmc/hpl_pmc.o
 .debug_ranges  0x00000148       0x38 hpl/systick/hpl_systick_ARMv7_base.o
 .debug_ranges  0x00000180      0x3f0 main.o

.debug_macro    0x00000000     0x47a4
 .debug_macro   0x00000000      0x3de Device_Startup/startup_samg55j19.o
 .debug_macro   0x000003de       0x68 Device_Startup/startup_samg55j19.o
 .debug_macro   0x00000446      0x5f4 driver_init.o
 .debug_macro   0x00000a3a       0x28 driver_init.o
 .debug_macro   0x00000a62       0xc9 driver_init.o
 .debug_macro   0x00000b2b      0x535 hal/src/hal_atomic.o
 .debug_macro   0x00001060      0x56c hal/src/hal_delay.o
 .debug_macro   0x000015cc      0x1d6 hal/utils/src/utils_syscalls.o
 .debug_macro   0x000017a2       0x52 hal/utils/src/utils_syscalls.o
 .debug_macro   0x000017f4       0x8d hal/utils/src/utils_syscalls.o
 .debug_macro   0x00001881       0x16 hal/utils/src/utils_syscalls.o
 .debug_macro   0x00001897       0x57 hal/utils/src/utils_syscalls.o
 .debug_macro   0x000018ee       0x97 hal/utils/src/utils_syscalls.o
 .debug_macro   0x00001985       0xf6 hal/utils/src/utils_syscalls.o
 .debug_macro   0x00001a7b       0x10 hal/utils/src/utils_syscalls.o
 .debug_macro   0x00001a8b       0x10 hal/utils/src/utils_syscalls.o
 .debug_macro   0x00001a9b       0x1c hal/utils/src/utils_syscalls.o
 .debug_macro   0x00001ab7       0x52 hal/utils/src/utils_syscalls.o
 .debug_macro   0x00001b09       0x40 hal/utils/src/utils_syscalls.o
 .debug_macro   0x00001b49       0x10 hal/utils/src/utils_syscalls.o
 .debug_macro   0x00001b59       0x40 hal/utils/src/utils_syscalls.o
 .debug_macro   0x00001b99       0xd7 hal/utils/src/utils_syscalls.o
 .debug_macro   0x00001c70       0x16 hal/utils/src/utils_syscalls.o
 .debug_macro   0x00001c86      0x18b hal/utils/src/utils_syscalls.o
 .debug_macro   0x00001e11       0x4c hal/utils/src/utils_syscalls.o
 .debug_macro   0x00001e5d       0x16 hal/utils/src/utils_syscalls.o
 .debug_macro   0x00001e73       0x10 hal/utils/src/utils_syscalls.o
 .debug_macro   0x00001e83       0x10 hal/utils/src/utils_syscalls.o
 .debug_macro   0x00001e93       0x35 hal/utils/src/utils_syscalls.o
 .debug_macro   0x00001ec8      0x122 hal/utils/src/utils_syscalls.o
 .debug_macro   0x00001fea      0x595 hpl/core/hpl_core_m4_base.o
 .debug_macro   0x0000257f      0x5ae hpl/core/hpl_init.o
 .debug_macro   0x00002b2d      0x25e hpl/core/hpl_init.o
 .debug_macro   0x00002d8b       0x16 hpl/core/hpl_init.o
 .debug_macro   0x00002da1      0x55f hpl/pmc/hpl_pmc.o
 .debug_macro   0x00003300      0x544 hpl/systick/hpl_systick_ARMv7_base.o
 .debug_macro   0x00003844       0x10 hpl/systick/hpl_systick_ARMv7_base.o
 .debug_macro   0x00003854      0x92c main.o
 .debug_macro   0x00004180       0x16 main.o
 .debug_macro   0x00004196       0x16 main.o
 .debug_macro   0x000041ac       0x29 main.o
 .debug_macro   0x000041d5      0x125 main.o
 .debug_macro   0x000042fa       0x1c main.o
 .debug_macro   0x00004316       0x22 main.o
 .debug_macro   0x00004338       0x88 main.o
 .debug_macro   0x000043c0       0x22 main.o
 .debug_macro   0x000043e2       0xac main.o
 .debug_macro   0x0000448e       0x22 main.o
 .debug_macro   0x000044b0       0x22 main.o
 .debug_macro   0x000044d2       0xfb main.o
 .debug_macro   0x000045cd       0x22 main.o
 .debug_macro   0x000045ef       0xa6 main.o
 .debug_macro   0x00004695       0x22 main.o
 .debug_macro   0x000046b7       0x8f main.o
 .debug_macro   0x00004746       0x16 main.o
 .debug_macro   0x0000475c       0x32 main.o
 .debug_macro   0x0000478e       0x16 main.o

.debug_line     0x00000000     0x8847
 .debug_line    0x00000000      0x7de Device_Startup/startup_samg55j19.o
 .debug_line    0x000007de      0xc6f driver_init.o
 .debug_line    0x0000144d      0xab1 hal/src/hal_atomic.o
 .debug_line    0x00001efe      0xae6 hal/src/hal_delay.o
 .debug_line    0x000029e4      0x40a hal/utils/src/utils_syscalls.o
 .debug_line    0x00002dee      0xc14 hpl/core/hpl_core_m4_base.o
 .debug_line    0x00003a02      0xb6e hpl/core/hpl_init.o
 .debug_line    0x00004570      0xb2a hpl/pmc/hpl_pmc.o
 .debug_line    0x0000509a      0xb2b hpl/systick/hpl_systick_ARMv7_base.o
 .debug_line    0x00005bc5     0x2c82 main.o

.debug_str      0x00000000    0xa046e
 .debug_str     0x00000000    0x95229 Device_Startup/startup_samg55j19.o
                              0x9544c (size before relaxing)
 .debug_str     0x00095229     0x2077 driver_init.o
                              0x970ad (size before relaxing)
 .debug_str     0x000972a0       0xb7 hal/src/hal_atomic.o
                              0x95f02 (size before relaxing)
 .debug_str     0x00097357       0xa6 hal/src/hal_delay.o
                              0x95f6c (size before relaxing)
 .debug_str     0x000973fd     0x450d hal/utils/src/utils_syscalls.o
                               0x73e1 (size before relaxing)
 .debug_str     0x0009b90a      0x492 hpl/core/hpl_core_m4_base.o
                              0x96a24 (size before relaxing)
 .debug_str     0x0009bd9c      0x900 hpl/core/hpl_init.o
                              0x96a49 (size before relaxing)
 .debug_str     0x0009c69c      0x18d hpl/pmc/hpl_pmc.o
                              0x96a56 (size before relaxing)
 .debug_str     0x0009c829       0xde hpl/systick/hpl_systick_ARMv7_base.o
                              0x95f6b (size before relaxing)
 .debug_str     0x0009c907     0x3b67 main.o
                              0x9d3fe (size before relaxing)

.debug_frame    0x00000000     0x1170
 .debug_frame   0x00000000       0x38 Device_Startup/startup_samg55j19.o
 .debug_frame   0x00000038       0x40 driver_init.o
 .debug_frame   0x00000078       0x40 hal/src/hal_atomic.o
 .debug_frame   0x000000b8       0x68 hal/src/hal_delay.o
 .debug_frame   0x00000120       0xa8 hal/utils/src/utils_syscalls.o
 .debug_frame   0x000001c8       0xcc hpl/core/hpl_core_m4_base.o
 .debug_frame   0x00000294       0x2c hpl/core/hpl_init.o
 .debug_frame   0x000002c0       0x20 hpl/pmc/hpl_pmc.o
 .debug_frame   0x000002e0       0x7c hpl/systick/hpl_systick_ARMv7_base.o
 .debug_frame   0x0000035c      0xbb8 main.o
 .debug_frame   0x00000f14       0x2c c:/program files (x86)/atmel/studio/7.0/toolchain/arm/arm-gnu-toolchain/bin/../lib/gcc/arm-none-eabi/6.3.1/../../../../arm-none-eabi/lib/thumb/v7e-m\libc_nano.a(lib_a-init.o)
 .debug_frame   0x00000f40       0x30 c:/program files (x86)/atmel/studio/7.0/toolchain/arm/arm-gnu-toolchain/bin/../lib/gcc/arm-none-eabi/6.3.1/../../../../arm-none-eabi/lib/thumb/v7e-m\libc_nano.a(lib_a-malloc.o)
 .debug_frame   0x00000f70       0x2c c:/program files (x86)/atmel/studio/7.0/toolchain/arm/arm-gnu-toolchain/bin/../lib/gcc/arm-none-eabi/6.3.1/../../../../arm-none-eabi/lib/thumb/v7e-m\libc_nano.a(lib_a-nano-mallocr.o)
 .debug_frame   0x00000f9c       0x2c c:/program files (x86)/atmel/studio/7.0/toolchain/arm/arm-gnu-toolchain/bin/../lib/gcc/arm-none-eabi/6.3.1/../../../../arm-none-eabi/lib/thumb/v7e-m\libc_nano.a(lib_a-sbrkr.o)
 .debug_frame   0x00000fc8      0x11c c:/program files (x86)/atmel/studio/7.0/toolchain/arm/arm-gnu-toolchain/bin/../lib/gcc/arm-none-eabi/6.3.1/../../../../arm-none-eabi/lib/thumb/v7e-m\libc_nano.a(lib_a-findfp.o)
 .debug_frame   0x000010e4       0x30 c:/program files (x86)/atmel/studio/7.0/toolchain/arm/arm-gnu-toolchain/bin/../lib/gcc/arm-none-eabi/6.3.1/../../../../arm-none-eabi/lib/thumb/v7e-m\libc_nano.a(lib_a-mlock.o)
 .debug_frame   0x00001114       0x5c c:/program files (x86)/atmel/studio/7.0/toolchain/arm/arm-gnu-toolchain/bin/../lib/gcc/arm-none-eabi/6.3.1/../../../../arm-none-eabi/lib/thumb/v7e-m\libc_nano.a(lib_a-reent.o)
